==========================================================================
L1/L2 检索与拒答
==========================================================================
语料: {'chunks': 1698, 'title_chunks': 239, 'passage_chunks': 1459, 'vocab': 10077, 'pages': '1–473', 'avg_len': 348}

--------------------------------------------------------------------------
PASS  Q: 物理层   status=ok  放宽轮数=0
      tokens=['物理层']
      [章节] 第2章物理层  p42  1.531
      [章节] 第2章物理层 > 2.1物理层的基本概念  p42  1.0207
      [章节] 第2章物理层 > 2.3物理层下面的传输媒体  p48  1.0207
      [原文] p31 | 第1章  概述 > 1.7计算机网络体系结构 > 1.7.3具有五层协议的体系结构 | (5）物理层（physicallayer) 在物理层上所传数据的单位是比特。发送方发送1（或0）时，接收方应当收到1（或0）而不
      [原文] p42 | 第2章物理层 > 2.1物理层的基本概念 | 首先要强调指出，物理层考虑的是怎样才能在连接各种计算机的传输媒体上传输数据比特流，而不是指具体的传输媒体。大家知道，现有的计算机
--------------------------------------------------------------------------
PASS  Q: 物理层原理   status=ok  放宽轮数=0
      tokens=['物理层', '原理']
      [章节] 第2章物理层  p42  1.531
      [章节] 第2章物理层 > 2.1物理层的基本概念  p42  1.0207
      [章节] 第2章物理层 > 2.3物理层下面的传输媒体  p48  1.0207
      [原文] p175 | 第 4 章网络层 > 4.6互联网的路由选择协议 > 4.6.5路由器的构成 > 1.路由器的结构 | 但“路由选择”则涉及很多路由器，路由表则是许多路由器协同工作的结果。这些路由器按照复杂的路由算法，得出整个网络的拓扑变化情况，因
      [原文] p1 |  | 十二五”普通高等教育本科国家级规划教材 cn计算机网络经典教材系列 微课版（教学视频教学课件PPT）计算机网络 （第8版） 谢希
--------------------------------------------------------------------------
PASS  Q: 什么是物理层   status=ok  放宽轮数=0
      tokens=['物理层']
      [章节] 第2章物理层  p42  1.531
      [章节] 第2章物理层 > 2.1物理层的基本概念  p42  1.0207
      [章节] 第2章物理层 > 2.3物理层下面的传输媒体  p48  1.0207
      [原文] p31 | 第1章  概述 > 1.7计算机网络体系结构 > 1.7.3具有五层协议的体系结构 | (5）物理层（physicallayer) 在物理层上所传数据的单位是比特。发送方发送1（或0）时，接收方应当收到1（或0）而不
      [原文] p42 | 第2章物理层 > 2.1物理层的基本概念 | 首先要强调指出，物理层考虑的是怎样才能在连接各种计算机的传输媒体上传输数据比特流，而不是指具体的传输媒体。大家知道，现有的计算机
--------------------------------------------------------------------------
PASS  Q: CSMA/CD   status=ok  放宽轮数=0
      tokens=['csma', 'cd']
      [章节] 第3章数据链路层 > 3.3使用广播信道的数据链路层 > 3.3.2CSMA/CD协议  p87  1.6909
      [原文] p103 | 第3章数据链路层 > 3.4扩展的以太网 > 3.4.2在数据链路层扩展以太网 > 3.从总线以太网到星形以太网 | 大家知道，传统的电话网是星形结构，其中心就是电话交换机。那么在20世纪70年代中期出现的局域网，为什么不采用这种星形结构呢？这是
      [原文] p106 | 第3章数据链路层 > 3.5高速以太网 > 3.5.1100BASE-T以太网 | 100BASE-T是在双绞线上传送100Mbit/s基带信号的星形拓扑以太网，仍使用IEEE802.3的CSMA/CD协议，它又
--------------------------------------------------------------------------
PASS  Q: 双绞线   status=ok  放宽轮数=0
      tokens=['双绞线']
      [原文] p48 | 第2章物理层 > 2.3物理层下面的传输媒体 > 2.3.1导引型传输媒体 > 1.双绞线 | 双绞线也称为双扭线，是最古老但又是最常用的传输媒体。把两根互相绝缘的铜导线并排放在一起，然后用规则的方法绞合（twist起来就构
      [原文] p48 | 第2章物理层 > 2.3物理层下面的传输媒体 > 2.3.1导引型传输媒体 > 1.双绞线 | 当局域网问世后，人们就研究怎样把原来用于传送话音信号的双绞线用来传送计算机网络中的高速数据。在传送高速数据的情况下，为了提高双绞
--------------------------------------------------------------------------
PASS  Q: 信道复用   status=ok  放宽轮数=0
      tokens=['信道', '复用']
      [章节] 第2章物理层 > 2.4信道复用技术 > 2.4.2波分复用  p59  1.9519
      [章节] 第2章物理层 > 2.4信道复用技术 > 2.4.3码分复用  p60  1.9519
      [章节] 第2章物理层 > 2.4信道复用技术 > 2.4.1频分复用、时分复用和统计时分复用  p56  1.4639
      [原文] p56 | 第2章物理层 > 2.4信道复用技术 > 2.4.1频分复用、时分复用和统计时分复用 | 复用（multiplexing）是通信技术中的基本概念。计算机网络中的信道广泛地使用各种复用技术。下面对信道复用技术进行简单的介
      [原文] p56 | 第2章物理层 > 2.4信道复用技术 > 2.4.1频分复用、时分复用和统计时分复用 | 使用FDM或TDM的复用技术，可以让多个用户（可以处在不同地点）共享信道资源。例如在图2-16（a）中的频分信道，可让N个用户各
--------------------------------------------------------------------------
PASS  Q: 三次握手   status=ok  放宽轮数=0
      tokens=['三次', '握手']
      [原文] p247 | 第5章 > 5.9TCP的运输连接管理 > 5.9.1TCP的连接建立 | 例如，以前本教材曾采用“三次握手”这个广为流行的译名。其实这是在一次握手过程中交换了三个报文，而并不是进行了三次握手（这有点像两
      [原文] p247 | 第5章 > 5.9TCP的运输连接管理 > 5.9.1TCP的连接建立 | TCP建立连接的过程叫作握手，握手需要在客户和服务器之间交换三个TCP报文段。图5-28画出了三报文握手建立TCP连接的过程。 
--------------------------------------------------------------------------
PASS  Q: 为什么不直接用两次握手   status=ok  放宽轮数=1
      tokens=['两次', '握手']
      [原文] p357 | 第7章网络安全 > 7.5互联网使用的安全协议 > 7.5.2运输层安全协议 > 1.协议TLS的要点 | 由于浏览器与服务器的通信方式就是以前讲过的“客户-服务器方式”，因此下面就用客户代表浏览器。 如图7-21所示，在客户与服务器双
      [原文] p247 | 第5章 > 5.9TCP的运输连接管理 > 5.9.1TCP的连接建立 | TCP建立连接的过程叫作握手，握手需要在客户和服务器之间交换三个TCP报文段。图5-28画出了三报文握手建立TCP连接的过程。 
--------------------------------------------------------------------------
PASS  Q: 量子纠缠   status=not_found  放宽轮数=0
      tokens=['量子', '纠缠']
      msg: 书中未找到与「量子、纠缠」相关的内容。

==========================================================================
L3 插图 / 表格落位
==========================================================================
计算机网络（第8版）_谢希仁_上半：插图 175 张 / 表格 32 张
计算机网络（第8版）_谢希仁_下半：插图 121 张 / 表格 61 张

插图落位合格：296 / 296（100.0%）
表格：共 93 张已还原为 Markdown 表格
表格结构合格：93 / 93（100.0%）

==========================================================================
汇总：检索 9 通过 / 0 失败；插图落位 296/296；表格 93（结构合格 93）
==========================================================================
