
==============================================================================
===== p24  W=1456 H=2064 =====
-- 原始框 40 个（按 y 排序）--
  x  1063-  1133 y   282-   312 w=   70 c=  1098 | 交换机
  x   385-   414 y   395-   423 w=   29 c=   399 | (a)
  x   701-   732 y   398-   425 w=   31 c=   717 | (b)
  x  1060-  1090 y   404-   432 w=   30 c=  1075 | (c)
  x   266-   507 y   466-   496 w=  241 c=   386 | （a）两部电话直接相连
  x   580-   859 y   471-   499 w=  279 c=   720 | (b）5部电话两两直接相连
  x   934-  1250 y   474-   505 w=  316 c=  1092 | （c）用交换机连接许多部电话
  x   578-   918 y   523-   556 w=  340 c=   748 | 图1-7电话机的不同连接方法
  x   225-  1345 y   572-   615 w= 1120 c=   785 | 当电话机的数量增多时，就要使用很多彼此连接起来的交换机来完成全网的交换任务。
  x   165-   762 y   616-   652 w=  597 c=   464 | 用这样的方法，就构成了覆盖全世界的电信网。
  x   224-  1331 y   660-   706 w= 1106 c=   778 | 从通信资源的分配角度来看，交换（switching）就是按照某种方式动态地分配传输线路的
  x   164-  1330 y   704-   749 w= 1165 c=   747 | 资源。在使用电路交换打电话之前，必须先拨号请求建立连接。当被叫用户听到交换机送来
  x   164-  1329 y   749-   793 w= 1164 c=   747 | 的振铃音并摘机后，从主叫端到被叫端就建立了一条连接，也就是一条专用的物理通路。这
  x   162-  1327 y   841-   881 w= 1164 c=   745 | 此后主叫和被叫双方就能互相通电话。通话完毕挂机后，交换机释放刚才使用的这条专用的
  x   161-  1327 y   883-   927 w= 1165 c=   744 | 物理通路（即把刚才占用的所有通信资源归还给电信网）。这种必须经过“建立连接（占用
  x   160-  1326 y   928-   972 w= 1165 c=   743 | 通信资源）→通话（一直占用通信资源）→释放连接（归还通信资源）”三个步骤的交换方
  x   159-  1328 y   971-  1017 w= 1169 c=   744 | 式称为电路交换?。如果用户在拨号呼叫时电信网的资源已不足以支持这次的呼叫，则主叫
  x   160-  1326 y  1017-  1061 w= 1165 c=   743 | 用户会听到忙音，表示电信网不接受用户的呼叫，用户必须挂机，等待一段时间后再重新拨
  x   162-   213 y  1063-  1094 w=   51 c=   188 | 号。
  x   218-  1338 y  1108-  1152 w= 1120 c=   778 | 图1-8为电路交换的示意图。为简单起见，图中没有区分市话交换机和长途电话交换机。
  x   159-  1325 y  1153-  1195 w= 1165 c=   742 | 应当注意的是，用户线是电话用户到所连接的市话交换机的连接线路，是用户独占的传送模
  x   159-  1311 y  1198-  1239 w= 1152 c=   735 | 拟信号的专用线路，而交换机之间拥有大量话路的中继线（这些传输线路早已都数字化了）
  x   158-  1324 y  1242-  1285 w= 1165 c=   741 | 则是许多用户共享的，正在通话的用户只占用了中继线里面的一个话路。电路交换的一个重
  x   157-  1162 y  1287-  1327 w= 1005 c=   660 | 要特点就是在通话的全部时间内，通话的两个用户始终占用端到端的通信资源。
  x   737-   808 y  1345-  1375 w=   70 c=   772 | 电信网
  x   519-   587 y  1411-  1437 w=   68 c=   553 | 交换机
  x   642-   714 y  1411-  1440 w=   71 c=   678 | 交换机
  x   777-   848 y  1412-  1441 w=   71 c=   812 | 交换机
  x   912-   980 y  1414-  1440 w=   68 c=   946 | 交换机
  x  1123-  1136 y  1422-  1436 w=   13 c=  1130 | B
  x   799-   814 y  1466-  1481 w=   14 c=   807 | E
  x   445-   516 y  1520-  1549 w=   71 c=   480 | 用户线
  x   989-  1060 y  1525-  1554 w=   71 c=  1024 | 用户线
  x   712-   783 y  1547-  1573 w=   70 c=   748 | 中继线
  x   455-  1021 y  1608-  1646 w=  566 c=   738 | 图1-8电路交换的用户始终占用端到端的通信资源
  x   214-  1321 y  1658-  1700 w= 1106 c=   767 | 当使用电路交换来传送计算机数据时，其线路的传输效率往往很低。这是因为计算机
  x   202-  1310 y  1764-  1799 w= 1109 c=   756 | ①注：电路交换最初指的是连接电话机的双绞线对在交换机上进行的交换（交换机有人工的、步进的和程控的，等等）。
  x   153-  1329 y  1803-  1838 w= 1176 c=   741 | 后来随着技术的进步，采用了多路复用技术，出现了频分多路、时分多路、码分多路等，这时电路交换的概念就扩展到在双绞线、
  x   152-  1079 y  1840-  1876 w=  927 c=   615 | 铜缆、光纤、无线媒体中多路信号中的某一路（某个频率、某个时隙、某个码序等）和另一路的交换。
  x  1244-  1306 y  1938-  1960 w=   62 c=  1275 | 13
-- 合并行 30 条（页码字节=13，丢弃=1）--
  [00] y  282-  312 x 1063- 1133 w=   70 nbox=1 | 交换机
  [01] y  395-  432 x  385- 1090 w=  705 nbox=3 | (a)(b)(c)
  [02] y  466-  505 x  266- 1250 w=  984 nbox=3 | （a）两部电话直接相连(b）5部电话两两直接相连（c）用交换机连接许多部电话
  [03] y  523-  556 x  578-  918 w=  340 nbox=1 | 图1-7电话机的不同连接方法
  [04] y  572-  615 x  225- 1345 w= 1120 nbox=1 | 当电话机的数量增多时，就要使用很多彼此连接起来的交换机来完成全网的交换任务。
  [05] y  616-  652 x  165-  762 w=  597 nbox=1 | 用这样的方法，就构成了覆盖全世界的电信网。
  [06] y  660-  706 x  224- 1331 w= 1106 nbox=1 | 从通信资源的分配角度来看，交换（switching）就是按照某种方式动态地分配传输线路的
  [07] y  704-  749 x  164- 1330 w= 1165 nbox=1 | 资源。在使用电路交换打电话之前，必须先拨号请求建立连接。当被叫用户听到交换机送来
  [08] y  749-  793 x  164- 1329 w= 1164 nbox=1 | 的振铃音并摘机后，从主叫端到被叫端就建立了一条连接，也就是一条专用的物理通路。这
  [09] y  841-  881 x  162- 1327 w= 1164 nbox=1 | 此后主叫和被叫双方就能互相通电话。通话完毕挂机后，交换机释放刚才使用的这条专用的
  [10] y  883-  927 x  161- 1327 w= 1165 nbox=1 | 物理通路（即把刚才占用的所有通信资源归还给电信网）。这种必须经过“建立连接（占用
  [11] y  928-  972 x  160- 1326 w= 1165 nbox=1 | 通信资源）→通话（一直占用通信资源）→释放连接（归还通信资源）”三个步骤的交换方
  [12] y  971- 1017 x  159- 1328 w= 1169 nbox=1 | 式称为电路交换?。如果用户在拨号呼叫时电信网的资源已不足以支持这次的呼叫，则主叫
  [13] y 1017- 1061 x  160- 1326 w= 1165 nbox=1 | 用户会听到忙音，表示电信网不接受用户的呼叫，用户必须挂机，等待一段时间后再重新拨
  [14] y 1063- 1094 x  162-  213 w=   51 nbox=1 | 号。
  [15] y 1108- 1152 x  218- 1338 w= 1120 nbox=1 | 图1-8为电路交换的示意图。为简单起见，图中没有区分市话交换机和长途电话交换机。
  [16] y 1153- 1195 x  159- 1325 w= 1165 nbox=1 | 应当注意的是，用户线是电话用户到所连接的市话交换机的连接线路，是用户独占的传送模
  [17] y 1198- 1239 x  159- 1311 w= 1152 nbox=1 | 拟信号的专用线路，而交换机之间拥有大量话路的中继线（这些传输线路早已都数字化了）
  [18] y 1242- 1285 x  158- 1324 w= 1165 nbox=1 | 则是许多用户共享的，正在通话的用户只占用了中继线里面的一个话路。电路交换的一个重
  [19] y 1287- 1327 x  157- 1162 w= 1005 nbox=1 | 要特点就是在通话的全部时间内，通话的两个用户始终占用端到端的通信资源。
  [20] y 1345- 1375 x  737-  808 w=   70 nbox=1 | 电信网
  [21] y 1411- 1441 x  519-  980 w=  461 nbox=4 | 交换机交换机交换机交换机
  [22] y 1466- 1481 x  799-  814 w=   14 nbox=1 | E
  [23] y 1520- 1554 x  445- 1060 w=  615 nbox=2 | 用户线用户线
  [24] y 1547- 1573 x  712-  783 w=   70 nbox=1 | 中继线
  [25] y 1608- 1646 x  455- 1021 w=  566 nbox=1 | 图1-8电路交换的用户始终占用端到端的通信资源
  [26] y 1658- 1700 x  214- 1321 w= 1106 nbox=1 | 当使用电路交换来传送计算机数据时，其线路的传输效率往往很低。这是因为计算机
  [27] y 1764- 1799 x  202- 1310 w= 1109 nbox=1 | ①注：电路交换最初指的是连接电话机的双绞线对在交换机上进行的交换（交换机有人工的、步进的和程控的，等等）。
  [28] y 1803- 1838 x  153- 1329 w= 1176 nbox=1 | 后来随着技术的进步，采用了多路复用技术，出现了频分多路、时分多路、码分多路等，这时电路交换的概念就扩展到在双绞线、
  [29] y 1840- 1876 x  152- 1079 w=  927 nbox=1 | 铜缆、光纤、无线媒体中多路信号中的某一路（某个频率、某个时隙、某个码序等）和另一路的交换。
-- 图区 2 个 --
  y282-556 h=274 x152-1345 | 图1-7电话机的不同连接方法
  y1327-1646 h=318 x152-1345 | 图1-8电路交换的用户始终占用端到端的通信资源
-- markdown --
（a）两部电话直接相连(b）5部电话两两直接相连（c）用交换机连接许多部电话

图1-7电话机的不同连接方法

当电话机的数量增多时，就要使用很多彼此连接起来的交换机来完成全网的交换任务。用这样的方法，就构成了覆盖全世界的电信网。

从通信资源的分配角度来看，交换（switching）就是按照某种方式动态地分配传输线路的资源。在使用电路交换打电话之前，必须先拨号请求建立连接。当被叫用户听到交换机送来的振铃音并摘机后，从主叫端到被叫端就建立了一条连接，也就是一条专用的物理通路。这此后主叫和被叫双方就能互相通电话。通话完毕挂机后，交换机释放刚才使用的这条专用的物理通路（即把刚才占用的所有通信资源归还给电信网）。这种必须经过“建立连接（占用通信资源）→通话（一直占用通信资源）→释放连接（归还通信资源）”三个步骤的交换方式称为电路交换?。如果用户在拨号呼叫时电信网的资源已不足以支持这次的呼叫，则主叫用户会听到忙音，表示电信网不接受用户的呼叫，用户必须挂机，等待一段时间后再重新拨号。

图1-8为电路交换的示意图。为简单起见，图中没有区分市话交换机和长途电话交换机。应当注意的是，用户线是电话用户到所连接的市话交换机的连接线路，是用户独占的传送模拟信号的专用线路，而交换机之间拥有大量话路的中继线（这些传输线路早已都数字化了）则是许多用户共享的，正在通话的用户只占用了中继线里面的一个话路。电路交换的一个重要特点就是在通话的全部时间内，通话的两个用户始终占用端到端的通信资源。

图1-8电路交换的用户始终占用端到端的通信资源

当使用电路交换来传送计算机数据时，其线路的传输效率往往很低。这是因为计算机①注：电路交换最初指的是连接电话机的双绞线对在交换机上进行的交换（交换机有人工的、步进的和程控的，等等）。后来随着技术的进步，采用了多路复用技术，出现了频分多路、时分多路、码分多路等，这时电路交换的概念就扩展到在双绞线、铜缆、光纤、无线媒体中多路信号中的某一路（某个频率、某个时隙、某个码序等）和另一路的交换。

==============================================================================
===== p159  W=1448 H=2059 =====
-- 原始框 38 个（按 y 排序）--
  x   135-  1299 y   152-   185 w= 1164 c=   717 | 主机发出的询问。收到此报文的主机必须给源主机或路由器发送ICMP回送回答报文。这
  x   135-   875 y   199-   228 w=  740 c=   505 | 种询问报文用来测试目的站是否可达以及了解其有关状态。
  x   554-  1298 y   242-   271 w=  744 c=   926 | 在ICMP时间戳请求报文发出后，就能够收到对方响
  x   191-   566 y   241-   276 w=  374 c=   378 | （2）时间戳请求或时间戳回答
  x   135-  1310 y   285-   318 w= 1175 c=   722 | 应的ICMP时间戳回答报文。利用在报文中记录的时间戳（如报文的发送时间和接收时间），
  x   136-   669 y   332-   359 w=  534 c=   403 | 发送方很容易计算出当前网络的往返时延。
  x   131-   490 y   393-   428 w=  359 c=   310 | 4.4.2ICMP的应用举例
  x   191-  1299 y   462-   496 w= 1108 c=   745 | ICMP的一个重要应用就是分组网间探测PING（PacketInterNetGroper)，用来测试两台
  x   135-  1300 y   505-   538 w= 1165 c=   717 | 主机之间的连通性。PING使用了ICMP回送请求与回送回答报文。PING是应用层直接使
  x   135-   951 y   552-   583 w=  817 c=   543 | 用网络层ICMP的一个例子。它没有通过运输层的TCP或UDP。
  x   192-  1298 y   595-   628 w= 1106 c=   745 | Windows操作系统的用户可在接入互联网后转入MSDOS（点击“开始”，点击“运
  x   135-  1300 y   640-   675 w= 1165 c=   717 | 行”，再键入“cmd"）。看见屏幕上的提示符后，就键入“pinghostname”（这里的hostname
  x   134-  1020 y   685-   717 w=  886 c=   577 | 是要测试连通性的主机名或它的IP地址），按回车键后就可看到结果。
  x   192-  1299 y   730-   762 w= 1107 c=   746 | 图4-30给出了从南京的一台PC到新浪网的邮件服务器mail.sina.com.cn的连通性的测
  x   136-  1299 y   775-   806 w= 1163 c=   717 | 试结果。PC一连发出4个ICMP回送请求报文。如果邮件服务器mail.sina.com.cn正常工作
  x   136-  1298 y   821-   850 w= 1162 c=   717 | 而且响应这个ICMP回送请求报文（有的主机为了防止恶意攻击就不理外界发送过来的这
  x   136-  1299 y   866-   895 w= 1163 c=   717 | 种报文），那么它就发回ICMP回送回答报文。由于往返的ICMP报文上都有时间戳，因此
  x   135-  1300 y   910-   940 w= 1165 c=   717 | 很容易得出往返时间。最后显示出的是统计结果：发送到哪个机器（IP地址），发送的、收
  x   136-  1298 y   955-   984 w= 1162 c=   717 | 到的和丢失的分组数（但不给出分组丢失的原因），以及往返时间的最小值、最大值和平均
  x   135-   817 y   999-  1030 w=  682 c=   476 | 值。从得到的结果可以看出，第三个测试分组丢失了。
  x   218-   983 y  1071-  1101 w=  765 c=   601 | C:Documents and SettingsxxR>ping mail.sina.com.cn
  x   216-  1176 y  1131-  1160 w=  961 c=   696 | Pinging mail.sina.c0n.cn [202.108.43.230] with 32 bytes of data:
  x   217-  1029 y  1192-  1219 w=  812 c=   623 | Replyfr0m 202.108.43.230:bytes=32time=368msTTL=242
  x   217-  1028 y  1219-  1252 w=  811 c=   623 | Reply fr0m 202.108.43.230:bytes=32 time=374ms TTL=242
  x   217-   490 y  1253-  1280 w=  273 c=   353 | Request timed out.
  x   216-  1028 y  1281-  1310 w=  812 c=   622 | Replyfr0m 202.108.43.230:bytes=32 time=374msTTL=242
  x   216-   744 y  1339-  1370 w=  528 c=   480 | Ping statistics for 202.108.43.230:
  x   276-  1070 y  1370-  1399 w=  794 c=   673 | Packets:Sent =4,Receiued =3,Lost =1（25x1oss),
  x   216-   909 y  1400-  1429 w=  693 c=   563 | Approximate round trip times in nilli-seconds:
  x   274-  1013 y  1429-  1460 w=  739 c=   643 | Minimum =368ms,Maximum =374ms,Average =372ms
  x   518-   915 y  1490-  1517 w=  397 c=   717 | 图4-30用PING测试主机的连通性
  x   194-  1298 y  1541-  1573 w= 1103 c=   746 | 另一个非常有用的应用是traceroute（这是UNIX操作系统中的命令），用来跟踪一个分
  x   135-  1299 y  1587-  1617 w= 1164 c=   717 | 组从源点到终点的路径。在Windows操作系统中这个命令是tracert。下面简单介绍这个命
  x   138-   323 y  1632-  1660 w=  185 c=   230 | 令的工作原理。
  x   192-  1297 y  1677-  1706 w= 1105 c=   745 | traceroute从源主机向目的主机发送一连串的IP数据报，数据报中封装的是无法交付的
  x   133-  1298 y  1720-  1752 w= 1165 c=   715 | UDP用户数据报。第一个数据报P的生存时间TTL设置为1。当P到达路径上的第一个
  x   184-   900 y  1840-  1864 w=  716 c=   542 | ①注：无法交付的UDP用户数据报使用了非法的端口号（见下一章5.2.2节）。
  x   141-   228 y  1921-  1950 w=   87 c=   185 | ·148·
-- 合并行 36 条（页码字节=148，丢弃=0）--
  [00] y  152-  185 x  135- 1299 w= 1164 nbox=1 | 主机发出的询问。收到此报文的主机必须给源主机或路由器发送ICMP回送回答报文。这
  [01] y  199-  228 x  135-  875 w=  740 nbox=1 | 种询问报文用来测试目的站是否可达以及了解其有关状态。
  [02] y  241-  276 x  191- 1298 w= 1107 nbox=2 | （2）时间戳请求或时间戳回答在ICMP时间戳请求报文发出后，就能够收到对方响
  [03] y  285-  318 x  135- 1310 w= 1175 nbox=1 | 应的ICMP时间戳回答报文。利用在报文中记录的时间戳（如报文的发送时间和接收时间），
  [04] y  332-  359 x  136-  669 w=  534 nbox=1 | 发送方很容易计算出当前网络的往返时延。
  [05] y  393-  428 x  131-  490 w=  359 nbox=1 H3 | 4.4.2ICMP的应用举例
  [06] y  462-  496 x  191- 1299 w= 1108 nbox=1 | ICMP的一个重要应用就是分组网间探测PING（PacketInterNetGroper)，用来测试两台
  [07] y  505-  538 x  135- 1300 w= 1165 nbox=1 | 主机之间的连通性。PING使用了ICMP回送请求与回送回答报文。PING是应用层直接使
  [08] y  552-  583 x  135-  951 w=  817 nbox=1 | 用网络层ICMP的一个例子。它没有通过运输层的TCP或UDP。
  [09] y  595-  628 x  192- 1298 w= 1106 nbox=1 | Windows操作系统的用户可在接入互联网后转入MSDOS（点击“开始”，点击“运
  [10] y  640-  675 x  135- 1300 w= 1165 nbox=1 | 行”，再键入“cmd"）。看见屏幕上的提示符后，就键入“pinghostname”（这里的hostname
  [11] y  685-  717 x  134- 1020 w=  886 nbox=1 | 是要测试连通性的主机名或它的IP地址），按回车键后就可看到结果。
  [12] y  730-  762 x  192- 1299 w= 1107 nbox=1 | 图4-30给出了从南京的一台PC到新浪网的邮件服务器mail.sina.com.cn的连通性的测
  [13] y  775-  806 x  136- 1299 w= 1163 nbox=1 | 试结果。PC一连发出4个ICMP回送请求报文。如果邮件服务器mail.sina.com.cn正常工作
  [14] y  821-  850 x  136- 1298 w= 1162 nbox=1 | 而且响应这个ICMP回送请求报文（有的主机为了防止恶意攻击就不理外界发送过来的这
  [15] y  866-  895 x  136- 1299 w= 1163 nbox=1 | 种报文），那么它就发回ICMP回送回答报文。由于往返的ICMP报文上都有时间戳，因此
  [16] y  910-  940 x  135- 1300 w= 1165 nbox=1 | 很容易得出往返时间。最后显示出的是统计结果：发送到哪个机器（IP地址），发送的、收
  [17] y  955-  984 x  136- 1298 w= 1162 nbox=1 | 到的和丢失的分组数（但不给出分组丢失的原因），以及往返时间的最小值、最大值和平均
  [18] y  999- 1030 x  135-  817 w=  682 nbox=1 | 值。从得到的结果可以看出，第三个测试分组丢失了。
  [19] y 1071- 1101 x  218-  983 w=  765 nbox=1 | C:Documents and SettingsxxR>ping mail.sina.com.cn
  [20] y 1131- 1160 x  216- 1176 w=  961 nbox=1 | Pinging mail.sina.c0n.cn [202.108.43.230] with 32 bytes of data:
  [21] y 1192- 1219 x  217- 1029 w=  812 nbox=1 | Replyfr0m 202.108.43.230:bytes=32time=368msTTL=242
  [22] y 1219- 1252 x  217- 1028 w=  811 nbox=1 | Reply fr0m 202.108.43.230:bytes=32 time=374ms TTL=242
  [23] y 1253- 1280 x  217-  490 w=  273 nbox=1 | Request timed out.
  [24] y 1281- 1310 x  216- 1028 w=  812 nbox=1 | Replyfr0m 202.108.43.230:bytes=32 time=374msTTL=242
  [25] y 1339- 1370 x  216-  744 w=  528 nbox=1 | Ping statistics for 202.108.43.230:
  [26] y 1370- 1399 x  276- 1070 w=  794 nbox=1 | Packets:Sent =4,Receiued =3,Lost =1（25x1oss),
  [27] y 1400- 1429 x  216-  909 w=  693 nbox=1 | Approximate round trip times in nilli-seconds:
  [28] y 1429- 1460 x  274- 1013 w=  739 nbox=1 | Minimum =368ms,Maximum =374ms,Average =372ms
  [29] y 1490- 1517 x  518-  915 w=  397 nbox=1 | 图4-30用PING测试主机的连通性
  [30] y 1541- 1573 x  194- 1298 w= 1103 nbox=1 | 另一个非常有用的应用是traceroute（这是UNIX操作系统中的命令），用来跟踪一个分
  [31] y 1587- 1617 x  135- 1299 w= 1164 nbox=1 | 组从源点到终点的路径。在Windows操作系统中这个命令是tracert。下面简单介绍这个命
  [32] y 1632- 1660 x  138-  323 w=  185 nbox=1 | 令的工作原理。
  [33] y 1677- 1706 x  192- 1297 w= 1105 nbox=1 | traceroute从源主机向目的主机发送一连串的IP数据报，数据报中封装的是无法交付的
  [34] y 1720- 1752 x  133- 1298 w= 1165 nbox=1 | UDP用户数据报。第一个数据报P的生存时间TTL设置为1。当P到达路径上的第一个
  [35] y 1840- 1864 x  184-  900 w=  716 nbox=1 | ①注：无法交付的UDP用户数据报使用了非法的端口号（见下一章5.2.2节）。
-- 图区 1 个 --
  y1030-1517 h=488 x131-1310 | 图4-30用PING测试主机的连通性
-- markdown --
主机发出的询问。收到此报文的主机必须给源主机或路由器发送ICMP回送回答报文。这种询问报文用来测试目的站是否可达以及了解其有关状态。

（2）时间戳请求或时间戳回答在ICMP时间戳请求报文发出后，就能够收到对方响应的ICMP时间戳回答报文。利用在报文中记录的时间戳（如报文的发送时间和接收时间），发送方很容易计算出当前网络的往返时延。

### 4.4.2ICMP的应用举例

ICMP的一个重要应用就是分组网间探测PING（PacketInterNetGroper)，用来测试两台主机之间的连通性。PING使用了ICMP回送请求与回送回答报文。PING是应用层直接使用网络层ICMP的一个例子。它没有通过运输层的TCP或UDP。

Windows操作系统的用户可在接入互联网后转入MSDOS（点击“开始”，点击“运行”，再键入“cmd"）。看见屏幕上的提示符后，就键入“pinghostname”（这里的hostname是要测试连通性的主机名或它的IP地址），按回车键后就可看到结果。

图4-30给出了从南京的一台PC到新浪网的邮件服务器mail.sina.com.cn的连通性的测试结果。PC一连发出4个ICMP回送请求报文。如果邮件服务器mail.sina.com.cn正常工作而且响应这个ICMP回送请求报文（有的主机为了防止恶意攻击就不理外界发送过来的这种报文），那么它就发回ICMP回送回答报文。由于往返的ICMP报文上都有时间戳，因此很容易得出往返时间。最后显示出的是统计结果：发送到哪个机器（IP地址），发送的、收到的和丢失的分组数（但不给出分组丢失的原因），以及往返时间的最小值、最大值和平均值。从得到的结果可以看出，第三个测试分组丢失了。

C:Documents and SettingsxxR>ping mail.sina.com.cn

Pinging mail.sina.c0n.cn [202.108.43.230] with 32 bytes of data:

Replyfr0m 202.108.43.230:bytes=32time=368msTTL=242

Reply fr0m 202.108.43.230:bytes=32 time=374ms TTL=242

Request timed out.

Replyfr0m 202.108.43.230:bytes=32 time=374msTTL=242

Ping statistics for 202.108.43.230:

Packets:Sent =4,Receiued =3,Lost =1（25x1oss),

Approximate round trip times in nilli-seconds:

Minimum =368ms,Maximum =374ms,Average =372ms

图4-30用PING测试主机的连通性

另一个非常有用的应用是traceroute（这是UNIX操作系统中的命令），用来跟踪一个分组从源点到终点的路径。在Windows操作系统中这个命令是tracert。下面简单介绍这个命令的工作原理。

traceroute从源主机向目的主机发送一连串的IP数据报，数据报中封装的是无法交付的UDP用户数据报。第一个数据报P的生存时间TTL设置为1。当P到达路径上的第一个

①注：无法交付的UDP用户数据报使用了非法的端口号（见下一章5.2.2节）。

==============================================================================
===== p160  W=1448 H=2053 =====
-- 原始框 88 个（按 y 排序）--
  x   153-  1320 y   151-   187 w= 1167 c=   737 | 路由器R时，路由器R先收下它，接着把TTL的值减1。由于TTL等于零了，因此R就
  x   153-   963 y   197-   230 w=  809 c=   558 | 把P丢弃，并向源主机发送一个ICMP时间超过差错报告报文。
  x   211-  1318 y   242-   276 w= 1108 c=   765 | 源主机接着发送第二个数据报P2，并把TTL设置为2。P2先到达路由器R，R收下后
  x   152-  1318 y   287-   322 w= 1166 c=   735 | 把TTL减1再转发给路由器R2。R2收到P2时TTL为1，但减1后TTL变为零了。R2就丢
  x   153-  1316 y   333-   364 w= 1163 c=   735 | 弃P2，并向源主机发送一个ICMP时间超过差错报告报文。这样一直继续下去。当最后一
  x   154-  1318 y   378-   410 w= 1164 c=   736 | 个数据报刚刚到达目的主机时，数据报的TTL是1。主机不转发数据报，也不把TTL值减
  x   152-  1318 y   422-   454 w= 1166 c=   735 | 1。但因IP数据报中封装的是无法交付的运输层的UDP用户数据报，因此目的主机要向源
  x   154-   865 y   467-   497 w=  711 c=   510 | 主机发送ICMP终点不可达差错报告报文（见5.2.2节）。
  x   211-  1317 y   511-   543 w= 1107 c=   764 | 这样，源主机达到了自己的目的，因为这些路由器和最后目的主机发来的ICMP报文正
  x   152-  1317 y   557-   588 w= 1165 c=   735 | 好给出了源主机想知道的路由信息一到达目的主机所经过的路由器的IP地址，以及到达
  x   150-  1317 y   646-   678 w= 1167 c=   734 | mail.sina.com.cn发出tracert命令后所获得的结果。图中每一行有三个时间出现，是因为对
  x   152-   885 y   691-   721 w=  733 c=   519 | 应于每一个TTL值，源主机要发送三次同样的IP数据报。
  x   211-  1331 y   736-   767 w= 1120 c=   771 | 我们还应注意到，从原则上讲，IP数据报经过的路由器越多，所花费的时间也会越长。
  x   152-  1318 y   780-   811 w= 1166 c=   735 | 但从图4-31可看出，有时正好相反。这是因为互联网的拥塞程度随时都在变化，也很难预
  x   152-  1096 y   825-   855 w=  944 c=   624 | 料到。因此，完全有这样的可能：经过更多的路由器反而花费更短的时间。
  x   267-   957 y   900-   930 w=  690 c=   612 | C:Documents and SettingsXxR>tracert mail.sina.con.cn
  x   266-   908 y   952-   980 w=  642 c=   587 | Tracing route to mail.sina.com.cn [202.108.43.230]
  x   267-   601 y   980-  1005 w=  333 c=   434 | overanaximunof30hops:
  x   355-   425 y  1028-  1055 w=   70 c=   390 | 24ns
  x   469-   538 y  1029-  1055 w=   69 c=   503 | 24ms
  x   584-   654 y  1030-  1054 w=   70 c=   619 | 23S
  x   292-   309 y  1034-  1052 w=   16 c=   300 | 1
  x   674-   830 y  1032-  1055 w=  156 c=   752 | 222.95.172.1
  x   292-   309 y  1055-  1079 w=   16 c=   300 | 2
  x   355-   423 y  1053-  1081 w=   68 c=   389 | 23ms
  x   469-   537 y  1054-  1081 w=   68 c=   503 | 24mS
  x   584-   653 y  1055-  1080 w=   69 c=   619 | 22S
  x   675-   868 y  1057-  1080 w=  193 c=   771 | 221.231.204.129
  x   293-   309 y  1080-  1102 w=   15 c=   301 | 3
  x   355-   424 y  1078-  1106 w=   69 c=   389 | 23mS
  x   471-   537 y  1081-  1105 w=   66 c=   504 | 22ms
  x   585-   653 y  1081-  1105 w=   68 c=   619 | 23nS
  x   675-   842 y  1083-  1104 w=  168 c=   758 | 221.231.206.9
  x   293-   310 y  1106-  1128 w=   16 c=   301 | 4
  x   584-   653 y  1105-  1130 w=   69 c=   619 | 24nS
  x   355-   424 y  1104-  1132 w=   69 c=   389 | 24ns
  x   470-   538 y  1105-  1132 w=   68 c=   504 | 23ms
  x   674-   833 y  1107-  1131 w=  159 c=   753 | 202.97.27.37
  x   292-   309 y  1132-  1155 w=   16 c=   300 | 5
  x   470-   538 y  1130-  1157 w=   68 c=   504 | 23ms
  x   584-   654 y  1130-  1157 w=   70 c=   619 | 24nS
  x   355-   424 y  1130-  1158 w=   69 c=   389 | 22ms
  x   674-   842 y  1133-  1157 w=  169 c=   758 | 202.97.41.226
  x   354-   424 y  1154-  1184 w=   70 c=   389 | 28nS
  x   469-   538 y  1155-  1183 w=   69 c=   503 | 28mS
  x   291-   310 y  1157-  1182 w=   19 c=   300 | 6
  x   584-   654 y  1157-  1182 w=   70 c=   619 | 28ns
  x   673-   831 y  1158-  1182 w=  158 c=   752 | 202.97.35.25
  x   354-   424 y  1181-  1209 w=   70 c=   389 | 50ns
  x   468-   538 y  1181-  1209 w=   70 c=   503 | 50ms
  x   292-   310 y  1184-  1207 w=   17 c=   301 | ?
  x   581-   655 y  1182-  1209 w=   74 c=   618 | 51ms
  x   672-   830 y  1184-  1208 w=  158 c=   751 | 202.97.36.86
  x   342-   425 y  1206-  1233 w=   82 c=   384 | 308ns
  x   291-   309 y  1209-  1231 w=   17 c=   300 | 8
  x   572-   654 y  1207-  1233 w=   82 c=   613 | 310ns
  x   457-   540 y  1207-  1234 w=   83 c=   498 | 311ms
  x   674-   829 y  1211-  1231 w=  155 c=   751 | 219.158.32.1
  x   291-   309 y  1233-  1256 w=   17 c=   300 | 9
  x   343-   424 y  1231-  1259 w=   80 c=   384 | 307ns
  x   673-   843 y  1234-  1258 w=  171 c=   758 | 219.158.13.17
  x   458-   538 y  1234-  1259 w=   80 c=   498 | 305ms
  x   572-   655 y  1234-  1259 w=   83 c=   613 | 305AS
  x   281-   310 y  1260-  1282 w=   29 c=   295 | 10
  x   342-   424 y  1258-  1285 w=   81 c=   383 | 164ns
  x   458-   538 y  1259-  1284 w=   80 c=   498 | 164ms
  x   573-   653 y  1261-  1283 w=   80 c=   613 | 165ns
  x   674-   842 y  1262-  1283 w=  169 c=   758 | 202.96.12.154
  x   341-   424 y  1282-  1312 w=   82 c=   383 | 322ns
  x   279-   309 y  1284-  1310 w=   30 c=   294 | 11
  x   458-   538 y  1285-  1310 w=   80 c=   498 | 320ms
  x   560-   654 y  1285-  1310 w=   94 c=   607 | 2988ns
  x   671-   844 y  1286-  1310 w=  174 c=   757 | 61.135.148.50
  x   279-   311 y  1310-  1335 w=   32 c=   295 | 12
  x   341-   425 y  1309-  1336 w=   83 c=   383 | 321ns
  x   458-   538 y  1310-  1335 w=   80 c=   498 | 322ms
  x   570-  1187 y  1309-  1338 w=  617 c=   878 | 320 nsfreenai143-230.sina.con [202.108.43.230]
  x   267-   458 y  1363-  1387 w=  190 c=   363 | Trace complete.
  x   470-   997 y  1421-  1448 w=  527 c=   733 | 图4-31用tracert命令获得目的主机的路由信息
  x   147-   322 y  1497-  1533 w=  175 c=   234 | 4.5IPv6
  x   209-  1316 y  1582-  1614 w= 1108 c=   763 | 协议IP是互联网的核心协议。现在使用的协议IP（即IPv4）是在20世纪70年代末期
  x   153-  1315 y  1630-  1657 w= 1162 c=   734 | 设计的。互联网经过几十年的飞速发展，在2011年2月3日，IANA开始停止向地区互联
  x   152-  1314 y  1674-  1701 w= 1162 c=   733 | 网注册机构RIR分配IPv4地址，因为IPv4地址已经全部耗尽了。不久，各地区互联网地址
  x   151-  1316 y  1718-  1748 w= 1165 c=   734 | 分配机构也相继宣布地址耗尽。我国在2014年至2015年也逐步停止了向新用户和应用分配
  x   151-   665 y  1764-  1791 w=  514 c=   408 | IPv4地址，同时全面开始商用部署IPv6。
  x   211-  1315 y  1809-  1836 w= 1105 c=   763 | 解决IP地址耗尽的根本措施就是采用具有更大地址空间的新版本的IP，即IPv6。经过
  x   151-  1193 y  1850-  1885 w= 1042 c=   672 | 多年的研究和试验，2017年7月终于发布了IPv6的正式标准[RFC8200，STD86]。
  x  1222-  1309 y  1923-  1952 w=   87 c=  1265 | ·149·
-- 合并行 40 条（页码字节=149，丢弃=0）--
  [00] y  151-  187 x  153- 1320 w= 1167 nbox=1 | 路由器R时，路由器R先收下它，接着把TTL的值减1。由于TTL等于零了，因此R就
  [01] y  197-  230 x  153-  963 w=  809 nbox=1 | 把P丢弃，并向源主机发送一个ICMP时间超过差错报告报文。
  [02] y  242-  276 x  211- 1318 w= 1108 nbox=1 | 源主机接着发送第二个数据报P2，并把TTL设置为2。P2先到达路由器R，R收下后
  [03] y  287-  322 x  152- 1318 w= 1166 nbox=1 | 把TTL减1再转发给路由器R2。R2收到P2时TTL为1，但减1后TTL变为零了。R2就丢
  [04] y  333-  364 x  153- 1316 w= 1163 nbox=1 | 弃P2，并向源主机发送一个ICMP时间超过差错报告报文。这样一直继续下去。当最后一
  [05] y  378-  410 x  154- 1318 w= 1164 nbox=1 | 个数据报刚刚到达目的主机时，数据报的TTL是1。主机不转发数据报，也不把TTL值减
  [06] y  422-  454 x  152- 1318 w= 1166 nbox=1 | 1。但因IP数据报中封装的是无法交付的运输层的UDP用户数据报，因此目的主机要向源
  [07] y  467-  497 x  154-  865 w=  711 nbox=1 | 主机发送ICMP终点不可达差错报告报文（见5.2.2节）。
  [08] y  511-  543 x  211- 1317 w= 1107 nbox=1 | 这样，源主机达到了自己的目的，因为这些路由器和最后目的主机发来的ICMP报文正
  [09] y  557-  588 x  152- 1317 w= 1165 nbox=1 | 好给出了源主机想知道的路由信息一到达目的主机所经过的路由器的IP地址，以及到达
  [10] y  646-  678 x  150- 1317 w= 1167 nbox=1 | mail.sina.com.cn发出tracert命令后所获得的结果。图中每一行有三个时间出现，是因为对
  [11] y  691-  721 x  152-  885 w=  733 nbox=1 | 应于每一个TTL值，源主机要发送三次同样的IP数据报。
  [12] y  736-  767 x  211- 1331 w= 1120 nbox=1 | 我们还应注意到，从原则上讲，IP数据报经过的路由器越多，所花费的时间也会越长。
  [13] y  780-  811 x  152- 1318 w= 1166 nbox=1 | 但从图4-31可看出，有时正好相反。这是因为互联网的拥塞程度随时都在变化，也很难预
  [14] y  825-  855 x  152- 1096 w=  944 nbox=1 | 料到。因此，完全有这样的可能：经过更多的路由器反而花费更短的时间。
  [15] y  900-  930 x  267-  957 w=  690 nbox=1 | C:Documents and SettingsXxR>tracert mail.sina.con.cn
  [16] y  952-  980 x  266-  908 w=  642 nbox=1 | Tracing route to mail.sina.com.cn [202.108.43.230]
  [17] y  980- 1005 x  267-  601 w=  333 nbox=1 | overanaximunof30hops:
  [18] y 1028- 1055 x  292-  830 w=  538 nbox=5 | 1 24ns 24ms 23S222.95.172.1
  [19] y 1053- 1081 x  292-  868 w=  576 nbox=5 | 2 23ms 24mS 22S 221.231.204.129
  [20] y 1078- 1106 x  293-  842 w=  549 nbox=5 | 3 23mS 22ms 23nS 221.231.206.9
  [21] y 1104- 1132 x  293-  833 w=  540 nbox=5 | 4 24ns 23ms 24nS 202.97.27.37
  [22] y 1130- 1158 x  292-  842 w=  550 nbox=5 | 5 22ms 23ms 24nS202.97.41.226
  [23] y 1154- 1184 x  291-  831 w=  540 nbox=5 | 6 28nS 28mS 28ns202.97.35.25
  [24] y 1181- 1209 x  292-  830 w=  538 nbox=5 | ?50ns 50ms 51ms202.97.36.86
  [25] y 1206- 1234 x  291-  829 w=  538 nbox=5 | 8 308ns 311ms 310ns219.158.32.1
  [26] y 1231- 1259 x  291-  843 w=  552 nbox=5 | 9 307ns 305ms 305AS219.158.13.17
  [27] y 1258- 1285 x  281-  842 w=  562 nbox=5 | 10 164ns 164ms 165ns 202.96.12.154
  [28] y 1282- 1312 x  279-  844 w=  566 nbox=5 | 11 322ns 320ms 2988ns61.135.148.50
  [29] y 1309- 1338 x  279- 1187 w=  908 nbox=4 | 12 321ns 322ms 320 nsfreenai143-230.sina.con [202.108.43.230]
  [30] y 1363- 1387 x  267-  458 w=  190 nbox=1 | Trace complete.
  [31] y 1421- 1448 x  470-  997 w=  527 nbox=1 | 图4-31用tracert命令获得目的主机的路由信息
  [32] y 1497- 1533 x  147-  322 w=  175 nbox=1 H2 | 4.5IPv6
  [33] y 1582- 1614 x  209- 1316 w= 1108 nbox=1 | 协议IP是互联网的核心协议。现在使用的协议IP（即IPv4）是在20世纪70年代末期
  [34] y 1630- 1657 x  153- 1315 w= 1162 nbox=1 | 设计的。互联网经过几十年的飞速发展，在2011年2月3日，IANA开始停止向地区互联
  [35] y 1674- 1701 x  152- 1314 w= 1162 nbox=1 | 网注册机构RIR分配IPv4地址，因为IPv4地址已经全部耗尽了。不久，各地区互联网地址
  [36] y 1718- 1748 x  151- 1316 w= 1165 nbox=1 | 分配机构也相继宣布地址耗尽。我国在2014年至2015年也逐步停止了向新用户和应用分配
  [37] y 1764- 1791 x  151-  665 w=  514 nbox=1 | IPv4地址，同时全面开始商用部署IPv6。
  [38] y 1809- 1836 x  211- 1315 w= 1105 nbox=1 | 解决IP地址耗尽的根本措施就是采用具有更大地址空间的新版本的IP，即IPv6。经过
  [39] y 1850- 1885 x  151- 1193 w= 1042 nbox=1 | 多年的研究和试验，2017年7月终于发布了IPv6的正式标准[RFC8200，STD86]。
-- 图区 1 个 --
  y855-1448 h=593 x147-1331 | 图4-31用tracert命令获得目的主机的路由信息
-- markdown --
路由器R时，路由器R先收下它，接着把TTL的值减1。由于TTL等于零了，因此R就把P丢弃，并向源主机发送一个ICMP时间超过差错报告报文。

源主机接着发送第二个数据报P2，并把TTL设置为2。P2先到达路由器R，R收下后把TTL减1再转发给路由器R2。R2收到P2时TTL为1，但减1后TTL变为零了。R2就丢弃P2，并向源主机发送一个ICMP时间超过差错报告报文。这样一直继续下去。当最后一个数据报刚刚到达目的主机时，数据报的TTL是1。主机不转发数据报，也不把TTL值减1。但因IP数据报中封装的是无法交付的运输层的UDP用户数据报，因此目的主机要向源主机发送ICMP终点不可达差错报告报文（见5.2.2节）。

这样，源主机达到了自己的目的，因为这些路由器和最后目的主机发来的ICMP报文正好给出了源主机想知道的路由信息一到达目的主机所经过的路由器的IP地址，以及到达mail.sina.com.cn发出tracert命令后所获得的结果。图中每一行有三个时间出现，是因为对应于每一个TTL值，源主机要发送三次同样的IP数据报。

我们还应注意到，从原则上讲，IP数据报经过的路由器越多，所花费的时间也会越长。但从图4-31可看出，有时正好相反。这是因为互联网的拥塞程度随时都在变化，也很难预料到。因此，完全有这样的可能：经过更多的路由器反而花费更短的时间。

C:Documents and SettingsXxR>tracert mail.sina.con.cn

Tracing route to mail.sina.com.cn [202.108.43.230]

overanaximunof30hops:

12 321ns 322ms 320 nsfreenai143-230.sina.con [202.108.43.230]

图4-31用tracert命令获得目的主机的路由信息

## 4.5IPv6

协议IP是互联网的核心协议。现在使用的协议IP（即IPv4）是在20世纪70年代末期设计的。互联网经过几十年的飞速发展，在2011年2月3日，IANA开始停止向地区互联网注册机构RIR分配IPv4地址，因为IPv4地址已经全部耗尽了。不久，各地区互联网地址分配机构也相继宣布地址耗尽。我国在2014年至2015年也逐步停止了向新用户和应用分配IPv4地址，同时全面开始商用部署IPv6。

解决IP地址耗尽的根本措施就是采用具有更大地址空间的新版本的IP，即IPv6。经过多年的研究和试验，2017年7月终于发布了IPv6的正式标准[RFC8200，STD86]。

==============================================================================
===== p181  W=1450 H=2062 =====
-- 原始框 51 个（按 y 排序）--
  x   127-   911 y   147-   181 w=  785 c=   519 | 有物理连接，但它们之间仍然有iBGP连接（如图4-46所示）。
  x   943-   995 y   191-   214 w=   51 c=   969 | iBGP
  x   817-   867 y   192-   215 w=   50 c=   842 | AS
  x   764-   819 y   194-   216 w=   55 c=   791 | iBGP
  x   497-   531 y   193-   218 w=   34 c=   514 | AS
  x   727-  1036 y   313-   342 w=  309 c=   882 | 虚线是路由器之间的iBGP连接
  x   383-   671 y   317-   344 w=  288 c=   527 | 实线是路由器之间的物理连接
  x   414-  1005 y   369-   400 w=  591 c=   710 | 图4-46在AS内路由器之间的物理连接与iBGP连接
  x   184-  1292 y   419-   454 w= 1108 c=   738 | 这里要说明一下。图4-45（a）中的边界路由器R通告给边界路由器R2的BGP路由可能
  x   129-  1292 y   461-   499 w= 1164 c=   711 | 有很多条（在图中只画出了一条）。但R根据本AS管理员所规定的策略，可以拒绝某些路
  x   127-  1210 y   506-   543 w= 1083 c=   668 | 由（收到这种路由后即删除掉），而在iBGP连接上仅转发符合规定策略的BGP路由。
  x   186-  1293 y   550-   586 w= 1107 c=   740 | 我们还需要指出，虽然eBGP和iBGP的最后一个字母P是代表“协议（Protocol)”，但
  x   127-  1293 y   593-   630 w= 1167 c=   710 | eBGP和iBGP并不是两个不同的协议。根据RFC4271，eBGP是在不同AS的两个对等端
  x   128-  1294 y   636-   673 w= 1167 c=   711 | 之间的BGP连接，而iBGP是同一AS的两个对等端之间的BGP连接。在这两种不同连接
  x   130-  1306 y   681-   716 w= 1176 c=   718 | 上传送的BGP报文，都遵循同样的协议BGP，使用同样的报文格式和具有同样的属性类型。
  x   127-  1296 y   723-   760 w= 1169 c=   711 | 唯一的不同点就是在发送BGP路由通告时的规则有所不同。这就是，从eBGP对等端收到
  x   128-  1294 y   768-   803 w= 1167 c=   711 | 的BGP路由，可通过iBGP告诉同一AS内的对等端。反过来也是可以的，即从iBGP对等
  x   129-  1296 y   812-   847 w= 1167 c=   712 | 端收到的BGP路由，可通过eBGP告诉在不同AS的对等端。但是，从iBGP对等端收到
  x   128-   864 y   857-   891 w=  736 c=   496 | BGP路由，不能转告给同一个AS内不同iBGP的对等端。
  x   187-  1293 y   899-   934 w= 1106 c=   740 | 图4-47形象地说明了eBGP和iBGP的作用。图中画出了四个自治系统AS，每一个
  x   129-  1294 y   944-   977 w= 1166 c=   712 | AS都必须运行本AS选择的内部网关协议IGP，例如OSPF或RIP。而协议BGP是在iBGP
  x   130-   519 y   990-  1021 w=  389 c=   324 | 连接和eBGP连接之上运行的。
  x   574-   670 y  1041-  1069 w=   97 c=   622 | BGP协议
  x   756-   863 y  1066-  1098 w=  107 c=   809 | eBGP连接
  x   568-   675 y  1067-  1099 w=  106 c=   622 | eBGP连接
  x   373-   480 y  1069-  1098 w=  107 c=   426 | eBGP连接
  x   850-   952 y  1117-  1145 w=  102 c=   901 | iBGP连接
  x   657-   755 y  1121-  1143 w=   98 c=   706 | iBGP连接
  x   469-   568 y  1120-  1145 w=  100 c=   519 | iBGP连接
  x   282-   382 y  1121-  1146 w=  100 c=   332 | iBGP连接
  x   858-   947 y  1159-  1187 w=   90 c=   903 | IGP协议
  x   670-   758 y  1162-  1187 w=   88 c=   714 | IGP协议
  x   474-   564 y  1160-  1190 w=   91 c=   519 | IGP协议
  x   286-   373 y  1164-  1189 w=   87 c=   330 | IGP协议
  x  1174-  1245 y  1219-  1241 w=   71 c=  1210 | 视频讲解
  x   879-   922 y  1218-  1247 w=   42 c=   901 | ASA
  x   498-   544 y  1219-  1251 w=   45 c=   521 | AS2
  x   310-   351 y  1221-  1250 w=   41 c=   331 | AS,
  x   353-   859 y  1270-  1302 w=  506 c=   606 | 图4-47协议BGP在iBGP和eBGP之上运行
  x   191-  1296 y  1320-  1354 w= 1105 c=   743 | 后面我们经常要讲到BGP路由，因此下面介绍一下BGP路由的一般格式。前面例子中
  x   131-   625 y  1366-  1398 w=  494 c=   378 | 的BGP路由正是按照这种格式书写的。
  x   191-   962 y  1492-  1527 w=  771 c=   576 | 前缀的意思很明确，就是通告的BGP路由终点（子网前缀）。
  x   189-  1222 y  1536-  1569 w= 1033 c=   706 | BGP属性有好几种类型，但最重要两个就是这里列出的AS-PATH和NEXT-HOP。
  x   188-  1297 y  1579-  1614 w= 1108 c=   743 | AS-PATH（自治系统路径）是通告的BGP路由所经过的自治系统。BGP路由每经过一
  x   133-  1298 y  1623-  1658 w= 1165 c=   715 | 个AS，就将其自治系统号ASN加入到AS-PATH中（本节在举例中没有使用具体的ASN
  x   132-  1314 y  1667-  1701 w= 1182 c=   723 | 数字号码，而是用AS，AS2等符号来表示不同的AS）。从这里可以清楚地看出，“BGP路由”
  x   133-  1028 y  1712-  1745 w=  895 c=   580 | 必须指出通过哪些自治系统AS，但不指出路由中途要通过哪些路由器。
  x   188-   798 y  1756-  1790 w=  610 c=   493 | NEXT-HOP（下一跳）是通告的BGP路由起点。
  x   189-  1298 y  1800-  1832 w= 1108 c=   744 | 细心的读者会发现，路由问题并未都解决完。例如，在图4-48中AS2内的路由器R4在
  x   132-  1298 y  1844-  1877 w= 1166 c=   715 | 收到BGP路由“X，AS，R”后，知道了“从R出发就能到达AS中的前缀X”。但路由器
  x   140-   227 y  1919-  1948 w=   87 c=   183 | ·170·
-- 合并行 35 条（页码字节=170，丢弃=1）--
  [00] y  147-  181 x  127-  911 w=  785 nbox=1 | 有物理连接，但它们之间仍然有iBGP连接（如图4-46所示）。
  [01] y  191-  218 x  497-  995 w=  497 nbox=4 | AS iBGPAS iBGP
  [02] y  313-  344 x  383- 1036 w=  653 nbox=2 | 实线是路由器之间的物理连接虚线是路由器之间的iBGP连接
  [03] y  369-  400 x  414- 1005 w=  591 nbox=1 | 图4-46在AS内路由器之间的物理连接与iBGP连接
  [04] y  419-  454 x  184- 1292 w= 1108 nbox=1 | 这里要说明一下。图4-45（a）中的边界路由器R通告给边界路由器R2的BGP路由可能
  [05] y  461-  499 x  129- 1292 w= 1164 nbox=1 | 有很多条（在图中只画出了一条）。但R根据本AS管理员所规定的策略，可以拒绝某些路
  [06] y  506-  543 x  127- 1210 w= 1083 nbox=1 | 由（收到这种路由后即删除掉），而在iBGP连接上仅转发符合规定策略的BGP路由。
  [07] y  550-  586 x  186- 1293 w= 1107 nbox=1 | 我们还需要指出，虽然eBGP和iBGP的最后一个字母P是代表“协议（Protocol)”，但
  [08] y  593-  630 x  127- 1293 w= 1167 nbox=1 | eBGP和iBGP并不是两个不同的协议。根据RFC4271，eBGP是在不同AS的两个对等端
  [09] y  636-  673 x  128- 1294 w= 1167 nbox=1 | 之间的BGP连接，而iBGP是同一AS的两个对等端之间的BGP连接。在这两种不同连接
  [10] y  681-  716 x  130- 1306 w= 1176 nbox=1 | 上传送的BGP报文，都遵循同样的协议BGP，使用同样的报文格式和具有同样的属性类型。
  [11] y  723-  760 x  127- 1296 w= 1169 nbox=1 | 唯一的不同点就是在发送BGP路由通告时的规则有所不同。这就是，从eBGP对等端收到
  [12] y  768-  803 x  128- 1294 w= 1167 nbox=1 | 的BGP路由，可通过iBGP告诉同一AS内的对等端。反过来也是可以的，即从iBGP对等
  [13] y  812-  847 x  129- 1296 w= 1167 nbox=1 | 端收到的BGP路由，可通过eBGP告诉在不同AS的对等端。但是，从iBGP对等端收到
  [14] y  857-  891 x  128-  864 w=  736 nbox=1 | BGP路由，不能转告给同一个AS内不同iBGP的对等端。
  [15] y  899-  934 x  187- 1293 w= 1106 nbox=1 | 图4-47形象地说明了eBGP和iBGP的作用。图中画出了四个自治系统AS，每一个
  [16] y  944-  977 x  129- 1294 w= 1166 nbox=1 | AS都必须运行本AS选择的内部网关协议IGP，例如OSPF或RIP。而协议BGP是在iBGP
  [17] y  990- 1021 x  130-  519 w=  389 nbox=1 | 连接和eBGP连接之上运行的。
  [18] y 1041- 1069 x  574-  670 w=   97 nbox=1 | BGP协议
  [19] y 1066- 1099 x  373-  863 w=  490 nbox=3 | eBGP连接eBGP连接eBGP连接
  [20] y 1117- 1146 x  282-  952 w=  669 nbox=4 | iBGP连接iBGP连接iBGP连接iBGP连接
  [21] y 1159- 1190 x  286-  947 w=  661 nbox=4 | IGP协议IGP协议IGP协议IGP协议
  [22] y 1218- 1251 x  310-  922 w=  612 nbox=3 | AS,AS2 ASA
  [23] y 1270- 1302 x  353-  859 w=  506 nbox=1 | 图4-47协议BGP在iBGP和eBGP之上运行
  [24] y 1320- 1354 x  191- 1296 w= 1105 nbox=1 | 后面我们经常要讲到BGP路由，因此下面介绍一下BGP路由的一般格式。前面例子中
  [25] y 1366- 1398 x  131-  625 w=  494 nbox=1 | 的BGP路由正是按照这种格式书写的。
  [26] y 1492- 1527 x  191-  962 w=  771 nbox=1 | 前缀的意思很明确，就是通告的BGP路由终点（子网前缀）。
  [27] y 1536- 1569 x  189- 1222 w= 1033 nbox=1 | BGP属性有好几种类型，但最重要两个就是这里列出的AS-PATH和NEXT-HOP。
  [28] y 1579- 1614 x  188- 1297 w= 1108 nbox=1 | AS-PATH（自治系统路径）是通告的BGP路由所经过的自治系统。BGP路由每经过一
  [29] y 1623- 1658 x  133- 1298 w= 1165 nbox=1 | 个AS，就将其自治系统号ASN加入到AS-PATH中（本节在举例中没有使用具体的ASN
  [30] y 1667- 1701 x  132- 1314 w= 1182 nbox=1 | 数字号码，而是用AS，AS2等符号来表示不同的AS）。从这里可以清楚地看出，“BGP路由”
  [31] y 1712- 1745 x  133- 1028 w=  895 nbox=1 | 必须指出通过哪些自治系统AS，但不指出路由中途要通过哪些路由器。
  [32] y 1756- 1790 x  188-  798 w=  610 nbox=1 | NEXT-HOP（下一跳）是通告的BGP路由起点。
  [33] y 1800- 1832 x  189- 1298 w= 1108 nbox=1 | 细心的读者会发现，路由问题并未都解决完。例如，在图4-48中AS2内的路由器R4在
  [34] y 1844- 1877 x  132- 1298 w= 1166 nbox=1 | 收到BGP路由“X，AS，R”后，知道了“从R出发就能到达AS中的前缀X”。但路由器
-- 图区 2 个 --
  y147-400 h=254 x127-1314 | 图4-46在AS内路由器之间的物理连接与iBGP连接
  y1021-1302 h=282 x127-1314 | 图4-47协议BGP在iBGP和eBGP之上运行
-- markdown --
有物理连接，但它们之间仍然有iBGP连接（如图4-46所示）。

实线是路由器之间的物理连接虚线是路由器之间的iBGP连接

图4-46在AS内路由器之间的物理连接与iBGP连接

这里要说明一下。图4-45（a）中的边界路由器R通告给边界路由器R2的BGP路由可能有很多条（在图中只画出了一条）。但R根据本AS管理员所规定的策略，可以拒绝某些路由（收到这种路由后即删除掉），而在iBGP连接上仅转发符合规定策略的BGP路由。

我们还需要指出，虽然eBGP和iBGP的最后一个字母P是代表“协议（Protocol)”，但eBGP和iBGP并不是两个不同的协议。根据RFC4271，eBGP是在不同AS的两个对等端之间的BGP连接，而iBGP是同一AS的两个对等端之间的BGP连接。在这两种不同连接上传送的BGP报文，都遵循同样的协议BGP，使用同样的报文格式和具有同样的属性类型。唯一的不同点就是在发送BGP路由通告时的规则有所不同。这就是，从eBGP对等端收到的BGP路由，可通过iBGP告诉同一AS内的对等端。反过来也是可以的，即从iBGP对等端收到的BGP路由，可通过eBGP告诉在不同AS的对等端。但是，从iBGP对等端收到BGP路由，不能转告给同一个AS内不同iBGP的对等端。

图4-47形象地说明了eBGP和iBGP的作用。图中画出了四个自治系统AS，每一个AS都必须运行本AS选择的内部网关协议IGP，例如OSPF或RIP。而协议BGP是在iBGP连接和eBGP连接之上运行的。

图4-47协议BGP在iBGP和eBGP之上运行

后面我们经常要讲到BGP路由，因此下面介绍一下BGP路由的一般格式。前面例子中的BGP路由正是按照这种格式书写的。

前缀的意思很明确，就是通告的BGP路由终点（子网前缀）。

BGP属性有好几种类型，但最重要两个就是这里列出的AS-PATH和NEXT-HOP。

AS-PATH（自治系统路径）是通告的BGP路由所经过的自治系统。BGP路由每经过一个AS，就将其自治系统号ASN加入到AS-PATH中（本节在举例中没有使用具体的ASN数字号码，而是用AS，AS2等符号来表示不同的AS）。从这里可以清楚地看出，“BGP路由”必须指出通过哪些自治系统AS，但不指出路由中途要通过哪些路由器。

NEXT-HOP（下一跳）是通告的BGP路由起点。

细心的读者会发现，路由问题并未都解决完。例如，在图4-48中AS2内的路由器R4在收到BGP路由“X，AS，R”后，知道了“从R出发就能到达AS中的前缀X”。但路由器

==============================================================================
===== p61  W=1450 H=2064 =====
-- 原始框 45 个（按 y 排序）--
  x  1237-  1292 y   159-   190 w=   56 c=  1265 | 续表
  x  1033-  1120 y   209-   237 w=   88 c=  1077 | 典型应用
  x   601-   689 y   212-   240 w=   88 c=   645 | 线缆特点
  x   334-   384 y   211-   242 w=   50 c=   359 | 带宽
  x   150-   260 y   213-   241 w=  109 c=   205 | 绞合线类别
  x   876-  1203 y   252-   277 w=  326 c=  1040 | 传输速率超过10Gbit/s，距离100m
  x   446-   632 y   252-   279 w=  186 c=   539 | 必须使用屏蔽双绞线
  x   300-   384 y   254-   282 w=   84 c=   342 | 600MHz
  x   133-   151 y   258-   279 w=   19 c=   142 | 7
  x   875-  1261 y   290-   318 w=  385 c=  1068 | 传输速率25Gbit/s或40Gbit/s，距离30m
  x   446-   634 y   293-   320 w=  188 c=   540 | 必须使用屏蔽双绞线
  x   301-   393 y   295-   320 w=   93 c=   347 | 2000MHz
  x   132-   153 y   296-   321 w=   22 c=   143 | 8
  x   184-  1290 y   355-   389 w= 1106 c=   737 | 无论是哪种类别的双绞线，衰减都随频率的升高而增大。使用更粗的导线可以减小衰
  x   126-  1288 y   402-   434 w= 1163 c=   707 | 减，但却增加了导线的重量和价格。信号应当有足够大的振幅，以便在噪声干扰下能够在接
  x   126-  1186 y   448-   481 w= 1061 c=   656 | 收端正确地被检测出来。双绞线的最高速率还与数字信号的编码方法有很大的关系。
  x   183-   340 y   520-   551 w=  157 c=   262 | 2.同轴电缆
  x   186-  1289 y   584-   615 w= 1103 c=   738 | 同轴电缆由内导体铜质芯线（单股实心线或多股绞合线）、绝缘层、网状编织的外导体
  x   128-  1289 y   630-   662 w= 1162 c=   709 | 屏蔽层（也可以是单股的）以及绝缘保护套层所组成（如图2-7所示）。由于外导体屏蔽层
  x   128-  1101 y   677-   707 w=  973 c=   614 | 的作用，同轴电缆具有很好的抗干扰特性，被广泛用于传输较高速率的数据。
  x   848-   920 y   738-   767 w=   72 c=   884 | 绝缘层
  x   660-   794 y   743-   767 w=  134 c=   727 | 外导体屏蔽层
  x   477-   613 y   745-   770 w=  136 c=   545 | 绝缘保护套层
  x   874-   966 y   809-   834 w=   92 c=   920 | D内导体
  x   578-   841 y   898-   925 w=  264 c=   710 | 图2-7同轴电缆的结构
  x   185-  1291 y   949-   982 w= 1106 c=   738 | 在局域网发展的初期曾广泛地使用同轴电缆作为传输媒体。但随着技术的进步，在局
  x   128-  1288 y   998-  1027 w= 1161 c=   708 | 域网领域基本上都采用双绞线作为传输媒体。目前同轴电缆主要用在有线电视网的居民小区
  x   128-  1210 y  1044-  1074 w= 1082 c=   669 | 中。同轴电缆的带宽取决于电缆的质量。目前高质量的同轴电缆的带宽已接近1GHz。
  x   184-   285 y  1113-  1145 w=  101 c=   235 | 3.光缆
  x   187-  1289 y  1179-  1208 w= 1102 c=   738 | 从20世纪70年代到现在，通信和计算机都发展得非常快。据统计，计算机的运行速
  x   128-  1291 y  1223-  1256 w= 1164 c=   710 | 度大约每10年提高10倍。在通信领域里，信息的传输速率则提高得更快，从20世纪70年
  x   127-  1291 y  1270-  1302 w= 1165 c=   709 | 代的56kbit/s（使用铜线）提高到现在的数百Gbit/s（使用光纤），并且这个速率还在继续
  x   128-   988 y  1318-  1348 w=  860 c=   558 | 提高。因此，光纤通信成为现代通信技术中的一个十分重要的领域。
  x   187-  1290 y  1365-  1394 w= 1103 c=   739 | 光纤通信就是利用光导纤维（以下简称为光纤）传递光脉冲来进行通信的。有光脉冲
  x   128-  1292 y  1409-  1441 w= 1165 c=   710 | 相当于1，而没有光脉冲相当于0。由于可见光的频率非常高，约为10MHz的量级，因此
  x   129-  1015 y  1456-  1487 w=  887 c=   572 | 一个光纤通信系统的传输带宽远远大于目前其他各种传输媒体的带宽。
  x   188-  1302 y  1503-  1530 w= 1113 c=   745 | 光纤是光纤通信的传输媒体。在发送端有光源，可以采用发光二极管或半导体激光器，
  x   129-  1291 y  1548-  1577 w= 1163 c=   710 | 它们在电脉冲的作用下能产生出光脉冲。在接收端利用光电二极管做成光检测器，在检测到
  x   130-   464 y  1597-  1624 w=  335 c=   297 | 光脉冲时可还原出电脉冲。
  x   188-  1276 y  1644-  1671 w= 1087 c=   732 | 光纤通常由非常透明的石英玻璃拉成细丝，主要由纤芯和包层构成双层通信圆柱体。
  x   127-  1291 y  1687-  1720 w= 1165 c=   709 | 纤芯很细，其直径只有8～100um（1um=10°m）。光波正是通过纤芯进行传导的。包层
  x   128-  1289 y  1735-  1764 w= 1162 c=   709 | 较纤芯有较低的折射率。当光线从高折射率的媒体射向低折射率的媒体时，其折射角将大于
  x   130-  1289 y  1783-  1810 w= 1160 c=   710 | 入射角（如图2-8所示）。因此，如果入射角足够大，就会出现全反射，即光线碰到包层时
  x   128-   955 y  1828-  1857 w=  827 c=   541 | 就会折射回纤芯。这个过程不断重复，光也就沿着光纤传输下去。
  x   134-   207 y  1928-  1958 w=   73 c=   170 | ·50·
-- 合并行 32 条（页码字节=50，丢弃=1）--
  [00] y  209-  242 x  150- 1120 w=  970 nbox=4 | 绞合线类别带宽线缆特点典型应用
  [01] y  252-  282 x  133- 1203 w= 1070 nbox=4 | 7 600MHz必须使用屏蔽双绞线传输速率超过10Gbit/s，距离100m
  [02] y  290-  321 x  132- 1261 w= 1129 nbox=4 | 8 2000MHz必须使用屏蔽双绞线传输速率25Gbit/s或40Gbit/s，距离30m
  [03] y  355-  389 x  184- 1290 w= 1106 nbox=1 | 无论是哪种类别的双绞线，衰减都随频率的升高而增大。使用更粗的导线可以减小衰
  [04] y  402-  434 x  126- 1288 w= 1163 nbox=1 | 减，但却增加了导线的重量和价格。信号应当有足够大的振幅，以便在噪声干扰下能够在接
  [05] y  448-  481 x  126- 1186 w= 1061 nbox=1 | 收端正确地被检测出来。双绞线的最高速率还与数字信号的编码方法有很大的关系。
  [06] y  520-  551 x  183-  340 w=  157 nbox=1 H4 | 2.同轴电缆
  [07] y  584-  615 x  186- 1289 w= 1103 nbox=1 | 同轴电缆由内导体铜质芯线（单股实心线或多股绞合线）、绝缘层、网状编织的外导体
  [08] y  630-  662 x  128- 1289 w= 1162 nbox=1 | 屏蔽层（也可以是单股的）以及绝缘保护套层所组成（如图2-7所示）。由于外导体屏蔽层
  [09] y  677-  707 x  128- 1101 w=  973 nbox=1 | 的作用，同轴电缆具有很好的抗干扰特性，被广泛用于传输较高速率的数据。
  [10] y  738-  770 x  477-  920 w=  443 nbox=3 | 绝缘保护套层外导体屏蔽层绝缘层
  [11] y  809-  834 x  874-  966 w=   92 nbox=1 | D内导体
  [12] y  898-  925 x  578-  841 w=  264 nbox=1 | 图2-7同轴电缆的结构
  [13] y  949-  982 x  185- 1291 w= 1106 nbox=1 | 在局域网发展的初期曾广泛地使用同轴电缆作为传输媒体。但随着技术的进步，在局
  [14] y  998- 1027 x  128- 1288 w= 1161 nbox=1 | 域网领域基本上都采用双绞线作为传输媒体。目前同轴电缆主要用在有线电视网的居民小区
  [15] y 1044- 1074 x  128- 1210 w= 1082 nbox=1 | 中。同轴电缆的带宽取决于电缆的质量。目前高质量的同轴电缆的带宽已接近1GHz。
  [16] y 1113- 1145 x  184-  285 w=  101 nbox=1 H4 | 3.光缆
  [17] y 1179- 1208 x  187- 1289 w= 1102 nbox=1 | 从20世纪70年代到现在，通信和计算机都发展得非常快。据统计，计算机的运行速
  [18] y 1223- 1256 x  128- 1291 w= 1164 nbox=1 | 度大约每10年提高10倍。在通信领域里，信息的传输速率则提高得更快，从20世纪70年
  [19] y 1270- 1302 x  127- 1291 w= 1165 nbox=1 | 代的56kbit/s（使用铜线）提高到现在的数百Gbit/s（使用光纤），并且这个速率还在继续
  [20] y 1318- 1348 x  128-  988 w=  860 nbox=1 | 提高。因此，光纤通信成为现代通信技术中的一个十分重要的领域。
  [21] y 1365- 1394 x  187- 1290 w= 1103 nbox=1 | 光纤通信就是利用光导纤维（以下简称为光纤）传递光脉冲来进行通信的。有光脉冲
  [22] y 1409- 1441 x  128- 1292 w= 1165 nbox=1 | 相当于1，而没有光脉冲相当于0。由于可见光的频率非常高，约为10MHz的量级，因此
  [23] y 1456- 1487 x  129- 1015 w=  887 nbox=1 | 一个光纤通信系统的传输带宽远远大于目前其他各种传输媒体的带宽。
  [24] y 1503- 1530 x  188- 1302 w= 1113 nbox=1 | 光纤是光纤通信的传输媒体。在发送端有光源，可以采用发光二极管或半导体激光器，
  [25] y 1548- 1577 x  129- 1291 w= 1163 nbox=1 | 它们在电脉冲的作用下能产生出光脉冲。在接收端利用光电二极管做成光检测器，在检测到
  [26] y 1597- 1624 x  130-  464 w=  335 nbox=1 | 光脉冲时可还原出电脉冲。
  [27] y 1644- 1671 x  188- 1276 w= 1087 nbox=1 | 光纤通常由非常透明的石英玻璃拉成细丝，主要由纤芯和包层构成双层通信圆柱体。
  [28] y 1687- 1720 x  127- 1291 w= 1165 nbox=1 | 纤芯很细，其直径只有8～100um（1um=10°m）。光波正是通过纤芯进行传导的。包层
  [29] y 1735- 1764 x  128- 1289 w= 1162 nbox=1 | 较纤芯有较低的折射率。当光线从高折射率的媒体射向低折射率的媒体时，其折射角将大于
  [30] y 1783- 1810 x  130- 1289 w= 1160 nbox=1 | 入射角（如图2-8所示）。因此，如果入射角足够大，就会出现全反射，即光线碰到包层时
  [31] y 1828- 1857 x  128-  955 w=  827 nbox=1 | 就会折射回纤芯。这个过程不断重复，光也就沿着光纤传输下去。
-- 图区 1 个 --
  y707-925 h=217 x126-1302 | 图2-7同轴电缆的结构
-- markdown --
| 绞合线类别 | 带宽 | 线缆特点 | 典型应用 |
| --- | --- | --- | --- |
| 7 | 600MHz | 必须使用屏蔽双绞线 | 传输速率超过10Gbit/s，距离100m |
| 8 | 2000MHz | 必须使用屏蔽双绞线 | 传输速率25Gbit/s或40Gbit/s，距离30m |

无论是哪种类别的双绞线，衰减都随频率的升高而增大。使用更粗的导线可以减小衰减，但却增加了导线的重量和价格。信号应当有足够大的振幅，以便在噪声干扰下能够在接收端正确地被检测出来。双绞线的最高速率还与数字信号的编码方法有很大的关系。

#### 2.同轴电缆

同轴电缆由内导体铜质芯线（单股实心线或多股绞合线）、绝缘层、网状编织的外导体屏蔽层（也可以是单股的）以及绝缘保护套层所组成（如图2-7所示）。由于外导体屏蔽层的作用，同轴电缆具有很好的抗干扰特性，被广泛用于传输较高速率的数据。

图2-7同轴电缆的结构

在局域网发展的初期曾广泛地使用同轴电缆作为传输媒体。但随着技术的进步，在局域网领域基本上都采用双绞线作为传输媒体。目前同轴电缆主要用在有线电视网的居民小区中。同轴电缆的带宽取决于电缆的质量。目前高质量的同轴电缆的带宽已接近1GHz。

#### 3.光缆

从20世纪70年代到现在，通信和计算机都发展得非常快。据统计，计算机的运行速度大约每10年提高10倍。在通信领域里，信息的传输速率则提高得更快，从20世纪70年代的56kbit/s（使用铜线）提高到现在的数百Gbit/s（使用光纤），并且这个速率还在继续提高。因此，光纤通信成为现代通信技术中的一个十分重要的领域。

光纤通信就是利用光导纤维（以下简称为光纤）传递光脉冲来进行通信的。有光脉冲相当于1，而没有光脉冲相当于0。由于可见光的频率非常高，约为10MHz的量级，因此一个光纤通信系统的传输带宽远远大于目前其他各种传输媒体的带宽。

光纤是光纤通信的传输媒体。在发送端有光源，可以采用发光二极管或半导体激光器，它们在电脉冲的作用下能产生出光脉冲。在接收端利用光电二极管做成光检测器，在检测到光脉冲时可还原出电脉冲。

光纤通常由非常透明的石英玻璃拉成细丝，主要由纤芯和包层构成双层通信圆柱体。纤芯很细，其直径只有8～100um（1um=10°m）。光波正是通过纤芯进行传导的。包层较纤芯有较低的折射率。当光线从高折射率的媒体射向低折射率的媒体时，其折射角将大于入射角（如图2-8所示）。因此，如果入射角足够大，就会出现全反射，即光线碰到包层时就会折射回纤芯。这个过程不断重复，光也就沿着光纤传输下去。

==============================================================================
===== p62  W=1453 H=2067 =====
-- 原始框 33 个（按 y 排序）--
  x   731-   795 y   158-   188 w=   64 c=   763 | 折射角
  x   416-   461 y   168-   196 w=   45 c=   439 | 包层
  x   877-  1092 y   176-   200 w=  215 c=   984 | 包层（低折射率的媒体）
  x   502-   545 y   188-   211 w=   43 c=   523 | 纤芯
  x   901-  1122 y   257-   281 w=  221 c=  1011 | 纤芯（高折射率的媒体）
  x   907-  1123 y   322-   346 w=  216 c=  1015 | 包层（低折射率的媒体）
  x   580-   895 y   396-   425 w=  315 c=   737 | 图2-8光线在光纤中的折射
  x   214-  1333 y   447-   479 w= 1120 c=   773 | 图2-9画出了光波在纤芯中传输的示意图。现代的生产工艺可以制造出超低损耗的光纤，
  x   155-  1320 y   491-   523 w= 1165 c=   737 | 即做到光线在纤芯中传输数公里而基本上没有什么衰耗。这一点乃是光纤通信得到飞速发展
  x   156-   345 y   536-   567 w=  189 c=   250 | 的最关键因素。
  x   438-   574 y   593-   618 w=  136 c=   506 | 低折射率（包层）
  x   495-   636 y   624-   649 w=  140 c=   566 | 高折射率（纤芯)
  x   653-  1019 y   630-   656 w=  365 c=   836 | 光线在纤芯中传输的方式是不断地全反射
  x   580-   895 y   789-   817 w=  315 c=   737 | 图2-9光波在纤芯中的传输
  x   213-  1322 y   839-   875 w= 1109 c=   767 | 图2-9中只画了一条光线。实际上，只要从纤芯中射到纤芯表面的光线的入射角大于某
  x   157-  1332 y   887-   920 w= 1175 c=   745 | 个临界角度，就可产生全反射。因此，可以存在多条不同角度入射的光线在一条光纤中传输。
  x   153-  1320 y   931-   966 w= 1167 c=   736 | 这种光纤就称为多模光纤（如图2-10（a）所示）。光脉冲在多模光纤中传输时会逐渐展宽，造
  x   154-  1320 y   977-  1012 w= 1166 c=   737 | 成失真。因此多模光纤只适合于近距离传输。若光纤的直径减小到只有一个光的波长，则光
  x   153-  1320 y  1023-  1056 w= 1167 c=   736 | 纤就像一根波导那样，可使光线一直向前传播，而不会产生多次反射。这样的光纤称为单模
  x   154-  1333 y  1069-  1102 w= 1180 c=   744 | 光纤（如图2-10(b)所示）。单模光纤的纤芯很细，其直径只有几个微米，制造起来成本较高。
  x   155-  1319 y  1116-  1146 w= 1164 c=   737 | 同时单模光纤的光源要使用昂贵的半导体激光器，而不能使用较便宜的发光二极管。但单模
  x   154-  1150 y  1161-  1193 w=  996 c=   652 | 光纤的衰耗较小，在100Gbit/s的高速率下可传输100公里而不必采用中继器。
  x   250-   345 y  1215-  1246 w=   95 c=   297 | 输入脉冲
  x  1129-  1221 y  1222-  1250 w=   92 c=  1175 | 输出脉冲
  x   719-   749 y  1398-  1426 w=   30 c=   734 | (a)
  x   253-   346 y  1427-  1456 w=   93 c=   299 | 输入脉冲
  x  1130-  1223 y  1431-  1460 w=   93 c=  1176 | 输出脉冲
  x   718-   751 y  1579-  1611 w=   33 c=   735 | (b)
  x   505-   967 y  1639-  1671 w=  462 c=   736 | 图2-10多模光纤（a)和单模光纤(b)的比较
  x   213-  1319 y  1690-  1724 w= 1106 c=   766 | 在光纤通信中常用的三个波段的中心分别位于850nm，1300nm和1550nm°。后两种情
  x   154-  1319 y  1737-  1767 w= 1165 c=   736 | 况的衰减都较小。850nm波段的衰减较大，但在此波段的其他特性均较好。所有这三个波
  x   202-   748 y  1844-  1874 w=  546 c=   475 | ①注：单位nm是“纳米”，即10-9米。1310nm=1.31μm。
  x  1239-  1312 y  1929-  1959 w=   72 c=  1276 | ·51·
-- 合并行 27 条（页码字节=51，丢弃=2）--
  [00] y  158-  196 x  416-  795 w=  379 nbox=2 | 包层折射角
  [01] y  176-  211 x  502- 1092 w=  590 nbox=2 | 纤芯包层（低折射率的媒体）
  [02] y  257-  281 x  901- 1122 w=  221 nbox=1 | 纤芯（高折射率的媒体）
  [03] y  322-  346 x  907- 1123 w=  216 nbox=1 | 包层（低折射率的媒体）
  [04] y  396-  425 x  580-  895 w=  315 nbox=1 | 图2-8光线在光纤中的折射
  [05] y  447-  479 x  214- 1333 w= 1120 nbox=1 | 图2-9画出了光波在纤芯中传输的示意图。现代的生产工艺可以制造出超低损耗的光纤，
  [06] y  491-  523 x  155- 1320 w= 1165 nbox=1 | 即做到光线在纤芯中传输数公里而基本上没有什么衰耗。这一点乃是光纤通信得到飞速发展
  [07] y  536-  567 x  156-  345 w=  189 nbox=1 | 的最关键因素。
  [08] y  593-  618 x  438-  574 w=  136 nbox=1 | 低折射率（包层）
  [09] y  624-  656 x  495- 1019 w=  523 nbox=2 | 高折射率（纤芯)光线在纤芯中传输的方式是不断地全反射
  [10] y  789-  817 x  580-  895 w=  315 nbox=1 | 图2-9光波在纤芯中的传输
  [11] y  839-  875 x  213- 1322 w= 1109 nbox=1 | 图2-9中只画了一条光线。实际上，只要从纤芯中射到纤芯表面的光线的入射角大于某
  [12] y  887-  920 x  157- 1332 w= 1175 nbox=1 | 个临界角度，就可产生全反射。因此，可以存在多条不同角度入射的光线在一条光纤中传输。
  [13] y  931-  966 x  153- 1320 w= 1167 nbox=1 | 这种光纤就称为多模光纤（如图2-10（a）所示）。光脉冲在多模光纤中传输时会逐渐展宽，造
  [14] y  977- 1012 x  154- 1320 w= 1166 nbox=1 | 成失真。因此多模光纤只适合于近距离传输。若光纤的直径减小到只有一个光的波长，则光
  [15] y 1023- 1056 x  153- 1320 w= 1167 nbox=1 | 纤就像一根波导那样，可使光线一直向前传播，而不会产生多次反射。这样的光纤称为单模
  [16] y 1069- 1102 x  154- 1333 w= 1180 nbox=1 | 光纤（如图2-10(b)所示）。单模光纤的纤芯很细，其直径只有几个微米，制造起来成本较高。
  [17] y 1116- 1146 x  155- 1319 w= 1164 nbox=1 | 同时单模光纤的光源要使用昂贵的半导体激光器，而不能使用较便宜的发光二极管。但单模
  [18] y 1161- 1193 x  154- 1150 w=  996 nbox=1 | 光纤的衰耗较小，在100Gbit/s的高速率下可传输100公里而不必采用中继器。
  [19] y 1215- 1246 x  250-  345 w=   95 nbox=1 | 输入脉冲
  [20] y 1398- 1426 x  719-  749 w=   30 nbox=1 | (a)
  [21] y 1427- 1456 x  253-  346 w=   93 nbox=1 | 输入脉冲
  [22] y 1579- 1611 x  718-  751 w=   33 nbox=1 | (b)
  [23] y 1639- 1671 x  505-  967 w=  462 nbox=1 | 图2-10多模光纤（a)和单模光纤(b)的比较
  [24] y 1690- 1724 x  213- 1319 w= 1106 nbox=1 | 在光纤通信中常用的三个波段的中心分别位于850nm，1300nm和1550nm°。后两种情
  [25] y 1737- 1767 x  154- 1319 w= 1165 nbox=1 | 况的衰减都较小。850nm波段的衰减较大，但在此波段的其他特性均较好。所有这三个波
  [26] y 1844- 1874 x  202-  748 w=  546 nbox=1 | ①注：单位nm是“纳米”，即10-9米。1310nm=1.31μm。
-- 图区 3 个 --
  y158-425 h=267 x153-1333 | 图2-8光线在光纤中的折射
  y567-817 h=250 x153-1333 | 图2-9光波在纤芯中的传输
  y1193-1671 h=478 x153-1333 | 图2-10多模光纤（a)和单模光纤(b)的比较
-- markdown --
图2-8光线在光纤中的折射

图2-9画出了光波在纤芯中传输的示意图。现代的生产工艺可以制造出超低损耗的光纤，即做到光线在纤芯中传输数公里而基本上没有什么衰耗。这一点乃是光纤通信得到飞速发展的最关键因素。

高折射率（纤芯)光线在纤芯中传输的方式是不断地全反射

图2-9光波在纤芯中的传输

图2-9中只画了一条光线。实际上，只要从纤芯中射到纤芯表面的光线的入射角大于某个临界角度，就可产生全反射。因此，可以存在多条不同角度入射的光线在一条光纤中传输。这种光纤就称为多模光纤（如图2-10（a）所示）。光脉冲在多模光纤中传输时会逐渐展宽，造成失真。因此多模光纤只适合于近距离传输。若光纤的直径减小到只有一个光的波长，则光纤就像一根波导那样，可使光线一直向前传播，而不会产生多次反射。这样的光纤称为单模光纤（如图2-10(b)所示）。单模光纤的纤芯很细，其直径只有几个微米，制造起来成本较高。同时单模光纤的光源要使用昂贵的半导体激光器，而不能使用较便宜的发光二极管。但单模光纤的衰耗较小，在100Gbit/s的高速率下可传输100公里而不必采用中继器。

图2-10多模光纤（a)和单模光纤(b)的比较

在光纤通信中常用的三个波段的中心分别位于850nm，1300nm和1550nm°。后两种情况的衰减都较小。850nm波段的衰减较大，但在此波段的其他特性均较好。所有这三个波

①注：单位nm是“纳米”，即10-9米。1310nm=1.31μm。

==============================================================================
===== p63  W=1450 H=2062 =====
-- 原始框 41 个（按 y 排序）--
  x   136-   966 y   152-   184 w=  830 c=   551 | 段都具有25000~30000GHz的带宽，可见光纤的通信容量非常大。
  x   195-  1298 y   196-   227 w= 1103 c=   746 | 由于光纤非常细，连包层一起的直径也不到0.2mm。因此必须将光纤做成很结实的光
  x   135-  1299 y   239-   271 w= 1164 c=   717 | 缆。一根光缆少则只有一根光纤，多则可包括数十至数百根光纤，再加上加强芯和填充物就
  x   138-  1299 y   284-   314 w= 1161 c=   718 | 可以大大提高其机械强度。必要时还可放入远供电源线。最后加上包带层和外护套，就可以
  x   138-  1298 y   327-   359 w= 1160 c=   718 | 使抗拉强度达到几公斤，完全可以满足工程施工的强度要求。图2-11为四芯光缆剖面的示
  x   135-   208 y   372-   402 w=   73 c=   171 | 意图。
  x   755-   831 y   424-   453 w=   76 c=   793 | 外护套
  x   788-   903 y   468-   496 w=  115 c=   845 | 远供电源线
  x   791-   925 y   514-   539 w=  134 c=   858 | 光纤及其包层
  x   796-   878 y   565-   593 w=   82 c=   837 | 填充物
  x   793-   867 y   604-   633 w=   74 c=   830 | 加强芯
  x   776-   847 y   647-   677 w=   70 c=   812 | 包带层
  x   544-   893 y   717-   744 w=  349 c=   718 | 图2-11四芯光缆剖面的示意图
  x   198-  1049 y   767-   798 w=  852 c=   624 | 光纤不仅具有通信容量非常大的优点，而且还具有其他的一些特点：
  x   193-   899 y   808-   847 w=  706 c=   546 | （1）传输损耗小，中继距离长，对远距离传输特别经济。
  x   192-  1131 y   850-   891 w=  939 c=   661 | (2）抗雷电和电磁干扰性能好。这在有大电流脉冲干扰的环境下尤为重要。
  x   192-   899 y   894-   934 w=  707 c=   545 | （3）无串音干扰，保密性好，也不易被窃听或截取数据。
  x   193-  1300 y   939-   976 w= 1107 c=   746 | （4）体积小，重量轻。这在现有电缆管道已拥塞不堪的情况下特别有利。例如，1km长
  x   137-  1282 y   984-  1019 w= 1145 c=   710 | 的1000对双绞线电缆约重8000kg，而同样长度但容量大得多的一对两芯光缆仅重100kg。
  x   137-   821 y  1030-  1060 w=  684 c=   479 | 但要把两根光纤精确地连接起来，需要使用专用设备。
  x   197-  1301 y  1073-  1103 w= 1104 c=   749 | 由于生产工艺的进步，光纤的价格不断降低，因此现在已经非常广泛地应用在计算机
  x   138-  1283 y  1116-  1147 w= 1145 c=   711 | 网络、电信网络和有线电视网络的主干网络中。光纤提供了很高的带宽，而且性价比很高，
  x   139-  1301 y  1159-  1191 w= 1162 c=   720 | 在高速局域网中也使用得很多。例如，2016年问世的0M5光纤（宽带多模光纤）使用短波
  x   135-  1061 y  1201-  1239 w=  926 c=   598 | 分复用SWDM（ShortWDM)，可支持40Gbit/s和100Gbit/s的数据传输。
  x   196-  1302 y  1246-  1278 w= 1106 c=   749 | 最后要提一下，在导引型传输媒体中，还有一种是架空明线（铜线或铁线）。这是在20
  x   139-  1300 y  1290-  1321 w= 1161 c=   719 | 世纪初就已大量使用的方法一一在电线杆上架设的互相绝缘的明线。架空明线安装简单，但
  x   138-  1299 y  1333-  1365 w= 1161 c=   718 | 通信质量差，受气候环境等影响较大。许多国家现在都已停止了铺设架空明线。目前在我国
  x   138-   731 y  1379-  1408 w=  593 c=   435 | 的一些农村和边远地区的通信仍使用架空明线。
  x  1186-  1237 y  1425-  1443 w=   50 c=  1212 | 扫一扫
  x   136-   503 y  1444-  1476 w=  367 c=   319 | 2.3.2非导引型传输媒体
  x   198-  1096 y  1508-  1539 w=  898 c=   647 | 前面介绍了三种导引型传输媒体。但是，若通信线路要通过一些高山
  x   138-  1097 y  1552-  1582 w=  959 c=   617 | 或岛屿，有时就很难施工。即使是在城市中，挖开马路敷设电缆也不是一
  x  1176-  1248 y  1592-  1617 w=   72 c=  1212 | 视频讲解
  x   139-  1097 y  1595-  1625 w=  958 c=   618 | 件很容易的事。当通信距离很远时，敷设电缆既昂贵又费时。但利用无线
  x   140-  1300 y  1639-  1669 w= 1160 c=   720 | 电波在自由空间的传播就可较快地实现多种通信。由于这种通信方式不使用上一节所介绍的
  x   140-  1010 y  1685-  1714 w=  870 c=   575 | 各种导引型传输媒体，因此就将自由空间称为“非导引型传输媒体”。
  x   195-  1302 y  1726-  1759 w= 1107 c=   748 | 特别要指出的是，由于信息技术的发展，社会各方面的节奏变快了。人们不仅要求能
  x   139-  1301 y  1772-  1801 w= 1162 c=   720 | 够在运动中进行电话通信（即移动电话通信），而且还要求能够在运动中进行计算机数据通
  x   139-   924 y  1816-  1845 w=  785 c=   531 | 信（俗称上网）。因此在最近几十年无线电通信发展得特别快。
  x   197-  1302 y  1857-  1889 w= 1105 c=   749 | 无线传输可使用的频段很广。从前面给出的图2-5可以看出，人们现在已经利用了好几
  x   146-   218 y  1925-  1954 w=   72 c=   182 | ·52·
-- 合并行 38 条（页码字节=52，丢弃=2）--
  [00] y  152-  184 x  136-  966 w=  830 nbox=1 | 段都具有25000~30000GHz的带宽，可见光纤的通信容量非常大。
  [01] y  196-  227 x  195- 1298 w= 1103 nbox=1 | 由于光纤非常细，连包层一起的直径也不到0.2mm。因此必须将光纤做成很结实的光
  [02] y  239-  271 x  135- 1299 w= 1164 nbox=1 | 缆。一根光缆少则只有一根光纤，多则可包括数十至数百根光纤，再加上加强芯和填充物就
  [03] y  284-  314 x  138- 1299 w= 1161 nbox=1 | 可以大大提高其机械强度。必要时还可放入远供电源线。最后加上包带层和外护套，就可以
  [04] y  327-  359 x  138- 1298 w= 1160 nbox=1 | 使抗拉强度达到几公斤，完全可以满足工程施工的强度要求。图2-11为四芯光缆剖面的示
  [05] y  372-  402 x  135-  208 w=   73 nbox=1 | 意图。
  [06] y  424-  453 x  755-  831 w=   76 nbox=1 | 外护套
  [07] y  468-  496 x  788-  903 w=  115 nbox=1 | 远供电源线
  [08] y  514-  539 x  791-  925 w=  134 nbox=1 | 光纤及其包层
  [09] y  565-  593 x  796-  878 w=   82 nbox=1 | 填充物
  [10] y  604-  633 x  793-  867 w=   74 nbox=1 | 加强芯
  [11] y  647-  677 x  776-  847 w=   70 nbox=1 | 包带层
  [12] y  717-  744 x  544-  893 w=  349 nbox=1 | 图2-11四芯光缆剖面的示意图
  [13] y  767-  798 x  198- 1049 w=  852 nbox=1 | 光纤不仅具有通信容量非常大的优点，而且还具有其他的一些特点：
  [14] y  808-  847 x  193-  899 w=  706 nbox=1 | （1）传输损耗小，中继距离长，对远距离传输特别经济。
  [15] y  850-  891 x  192- 1131 w=  939 nbox=1 | (2）抗雷电和电磁干扰性能好。这在有大电流脉冲干扰的环境下尤为重要。
  [16] y  894-  934 x  192-  899 w=  707 nbox=1 | （3）无串音干扰，保密性好，也不易被窃听或截取数据。
  [17] y  939-  976 x  193- 1300 w= 1107 nbox=1 | （4）体积小，重量轻。这在现有电缆管道已拥塞不堪的情况下特别有利。例如，1km长
  [18] y  984- 1019 x  137- 1282 w= 1145 nbox=1 | 的1000对双绞线电缆约重8000kg，而同样长度但容量大得多的一对两芯光缆仅重100kg。
  [19] y 1030- 1060 x  137-  821 w=  684 nbox=1 | 但要把两根光纤精确地连接起来，需要使用专用设备。
  [20] y 1073- 1103 x  197- 1301 w= 1104 nbox=1 | 由于生产工艺的进步，光纤的价格不断降低，因此现在已经非常广泛地应用在计算机
  [21] y 1116- 1147 x  138- 1283 w= 1145 nbox=1 | 网络、电信网络和有线电视网络的主干网络中。光纤提供了很高的带宽，而且性价比很高，
  [22] y 1159- 1191 x  139- 1301 w= 1162 nbox=1 | 在高速局域网中也使用得很多。例如，2016年问世的0M5光纤（宽带多模光纤）使用短波
  [23] y 1201- 1239 x  135- 1061 w=  926 nbox=1 | 分复用SWDM（ShortWDM)，可支持40Gbit/s和100Gbit/s的数据传输。
  [24] y 1246- 1278 x  196- 1302 w= 1106 nbox=1 | 最后要提一下，在导引型传输媒体中，还有一种是架空明线（铜线或铁线）。这是在20
  [25] y 1290- 1321 x  139- 1300 w= 1161 nbox=1 | 世纪初就已大量使用的方法一一在电线杆上架设的互相绝缘的明线。架空明线安装简单，但
  [26] y 1333- 1365 x  138- 1299 w= 1161 nbox=1 | 通信质量差，受气候环境等影响较大。许多国家现在都已停止了铺设架空明线。目前在我国
  [27] y 1379- 1408 x  138-  731 w=  593 nbox=1 | 的一些农村和边远地区的通信仍使用架空明线。
  [28] y 1444- 1476 x  136-  503 w=  367 nbox=1 H3 | 2.3.2非导引型传输媒体
  [29] y 1508- 1539 x  198- 1096 w=  898 nbox=1 | 前面介绍了三种导引型传输媒体。但是，若通信线路要通过一些高山
  [30] y 1552- 1582 x  138- 1097 w=  959 nbox=1 | 或岛屿，有时就很难施工。即使是在城市中，挖开马路敷设电缆也不是一
  [31] y 1595- 1625 x  139- 1097 w=  958 nbox=1 | 件很容易的事。当通信距离很远时，敷设电缆既昂贵又费时。但利用无线
  [32] y 1639- 1669 x  140- 1300 w= 1160 nbox=1 | 电波在自由空间的传播就可较快地实现多种通信。由于这种通信方式不使用上一节所介绍的
  [33] y 1685- 1714 x  140- 1010 w=  870 nbox=1 | 各种导引型传输媒体，因此就将自由空间称为“非导引型传输媒体”。
  [34] y 1726- 1759 x  195- 1302 w= 1107 nbox=1 | 特别要指出的是，由于信息技术的发展，社会各方面的节奏变快了。人们不仅要求能
  [35] y 1772- 1801 x  139- 1301 w= 1162 nbox=1 | 够在运动中进行电话通信（即移动电话通信），而且还要求能够在运动中进行计算机数据通
  [36] y 1816- 1845 x  139-  924 w=  785 nbox=1 | 信（俗称上网）。因此在最近几十年无线电通信发展得特别快。
  [37] y 1857- 1889 x  197- 1302 w= 1105 nbox=1 | 无线传输可使用的频段很广。从前面给出的图2-5可以看出，人们现在已经利用了好几
-- 图区 1 个 --
  y402-744 h=342 x135-1302 | 图2-11四芯光缆剖面的示意图
-- markdown --
段都具有25000~30000GHz的带宽，可见光纤的通信容量非常大。

由于光纤非常细，连包层一起的直径也不到0.2mm。因此必须将光纤做成很结实的光缆。一根光缆少则只有一根光纤，多则可包括数十至数百根光纤，再加上加强芯和填充物就可以大大提高其机械强度。必要时还可放入远供电源线。最后加上包带层和外护套，就可以使抗拉强度达到几公斤，完全可以满足工程施工的强度要求。图2-11为四芯光缆剖面的示意图。

图2-11四芯光缆剖面的示意图

光纤不仅具有通信容量非常大的优点，而且还具有其他的一些特点：

（1）传输损耗小，中继距离长，对远距离传输特别经济。

(2）抗雷电和电磁干扰性能好。这在有大电流脉冲干扰的环境下尤为重要。

（3）无串音干扰，保密性好，也不易被窃听或截取数据。

（4）体积小，重量轻。这在现有电缆管道已拥塞不堪的情况下特别有利。例如，1km长的1000对双绞线电缆约重8000kg，而同样长度但容量大得多的一对两芯光缆仅重100kg。但要把两根光纤精确地连接起来，需要使用专用设备。

由于生产工艺的进步，光纤的价格不断降低，因此现在已经非常广泛地应用在计算机网络、电信网络和有线电视网络的主干网络中。光纤提供了很高的带宽，而且性价比很高，在高速局域网中也使用得很多。例如，2016年问世的0M5光纤（宽带多模光纤）使用短波分复用SWDM（ShortWDM)，可支持40Gbit/s和100Gbit/s的数据传输。

最后要提一下，在导引型传输媒体中，还有一种是架空明线（铜线或铁线）。这是在20世纪初就已大量使用的方法一一在电线杆上架设的互相绝缘的明线。架空明线安装简单，但通信质量差，受气候环境等影响较大。许多国家现在都已停止了铺设架空明线。目前在我国的一些农村和边远地区的通信仍使用架空明线。

### 2.3.2非导引型传输媒体

前面介绍了三种导引型传输媒体。但是，若通信线路要通过一些高山或岛屿，有时就很难施工。即使是在城市中，挖开马路敷设电缆也不是一件很容易的事。当通信距离很远时，敷设电缆既昂贵又费时。但利用无线电波在自由空间的传播就可较快地实现多种通信。由于这种通信方式不使用上一节所介绍的各种导引型传输媒体，因此就将自由空间称为“非导引型传输媒体”。

特别要指出的是，由于信息技术的发展，社会各方面的节奏变快了。人们不仅要求能够在运动中进行电话通信（即移动电话通信），而且还要求能够在运动中进行计算机数据通信（俗称上网）。因此在最近几十年无线电通信发展得特别快。

无线传输可使用的频段很广。从前面给出的图2-5可以看出，人们现在已经利用了好几
