计算机网络（第8版）_谢希仁_上半：图 175 / 表 32
计算机网络（第8版）_谢希仁_下半：图 121 / 表 61

== 插图位置校验 ==
总计 296 张：位置正确 296，异常 0
合格率 100.0%

== 抽样：章节块序列（[H]标题 [P]段落 [图]插图 [表]表格）==
   [H] p1  第1章  概述
   [P] p1  本章是全书的概要。在本章的开始，先介绍计算机网络在信息时代的作用。接着对互联网进行概述，包括互联网基础结构发展的三个阶段以及今后
   [P] p1  本章最重要的内容是：
   [P] p1  （1）互联网边缘部分和核心部分的作用，其中包含分组交换的概念。
   [P] p1  (2）计算机网络的性能指标。
   [P] p1  (3）计算机网络分层次的体系结构，包含协议和服务的概念。这部分内容比较抽象。在没有了解具体的计算机网络之前，很难完全掌握这些很抽
   [H] p1  1.1计算机网络在信息时代中的作用
   [P] p1  我们知道，21世纪的一些重要特征就是数字化、网络化和信息化，它是一个以网络为核心的信息时代。要实现信息化就必须依靠完善的网络，因
   [P] p1  有三大类大家很熟悉的网络，即电信网络、有线电视网络和计算机网络。按照最初的服务分工，电信网络向用户提供电话、电报及传真等服务：有
   [P] p1  随着技术的发展，电信网络和有线电视网络都逐渐融入了现代计算机网络的技术，扩大了原有的服务范围，而计算机网络也能够向用户提供电话通
   [P] p1  20世纪90年代以后，以Intermet为代表的计算机网络得到了飞速的发展，已从最初的仅供美国人使用的免费教育科研网络逐步发展成
   [P] p1  Internet的中文译名并不统一。现有的Internet译名有两种：
   [P] p1  （1）因特网，这个译名是全国科学技术名词审定委员会推荐的。虽然因特网这个译名较
   [P] p2  为准确，但却长期未得到推广。本书的前几版都采用因特网这个译名。
   [P] p2  (2)互联网，这是目前流行最广的、事实上的标准译名。现在我国的各种报刊杂志、政府文件以及电视节目中都毫无例外地使用这个译名。In
   [P] p2  也有些人愿意直接使用英文名词Internet，而不使用中文译名。这避免了译名的误解。但编者认为，在中文教科书中，常用的重要名词应
   [P] p2  曾有人把Intermet译为国际互联网。其实互联网本来就是覆盖全球的，因此“国际”二字显然是多余的。
   [P] p2  对于仅在局部范围互连起来的计算机网络，只能称之为互连网，而不是互联网Intermet。有时，我们往往使用更加简洁的方式表示互联网
   [P] p2  那么，什么是互联网呢？很难用几句话说清楚。但我们可以从两个不同的方面来认识互联网。这就是互联网的应用和互联网的工作原理。
   [P] p2  绝大多数人认识互联网都是从接触互联网的应用开始的。现在很小的孩子就会上网玩游戏、看网上视频，或和朋友在社交软件上聊天。人们经常利
   [P] p2  互联网之所以能够向用户提供许多服务，就是因为互联网具有两个重要基本特点，即连通性和共享。
   [P] p2  所谓连通性（connectivity)，就是互联网使上网用户之间，不管相距多远（例如，相距数千公里），都可以非常便捷、非常经济地
   [P] p2  所谓共享就是指资源共享。资源共享的含义是多方面的，可以是信息共享、软件共享，
   [P] p3  也可以是硬件共享。例如，互联网上有许多服务器（就是一种专用的计算机）存储了大量有价值的电子文档（包括音频和视频文件），可供上网的
   [P] p3  现在人们的生活、工作、学习和交往都已离不开互联网。设想一下，某一天我们所在城市的互联网突然瘫痪不能工作了，会出现什么结果呢？这时
   [P] p3  现在常常可以看到一种新的提法，即“互联网+”。它的意思就是“互联网+各个传统行业”，因此可以利用信息通信技术和互联网平台来创造新
   [P] p3  互联网也给人们带来了一些负面影响。有人肆意利用互联网传播计算机病毒，破坏互联网上数据的正常传送和交换：有的犯罪分子甚至利用互联网
   [P] p3  虽然如此，但互联网的负面影响毕竟还是次要的。随着对互联网管理的加强，我们可以使互联网给社会带来正面积极的作用成为互联网的主流。
   [P] p3  由于互联网已经成为世界上最大的计算机网络，因此下面我们先对互联网进行一下概述，包括互联网的主要构件，这样就可以对计算机网络有一个
   [H] p3  1.2互联网概述
   [H] p241  5.8.2TCP的拥塞控制方法
   [P] p241  TCP进行拥塞控制的算法有四种，即慢开始（slow-start)、拥塞避免(congestionavoidance)、快重传(f
   [P] p241  (1）数据是单方向传送的，对方只传送确认报文。
   [P] p241  (2）接收方总是有足够大的缓存空间，因而发送窗口的大小由网络的拥塞程度来决定。
   [H] p241  1.慢开始和拥塞避免
   [P] p241  下面讨论的拥塞控制也叫作基于窗口的拥塞控制。为此，发送方维持一个叫作拥塞窗口cwnd（congestionwindow）的状态变
   [P] p241  发送方控制拥塞窗口的原则是：只要网络没有出现拥塞，拥塞窗口就可以再增大一些，以便把更多的分组发送出去，这样就可以提高网络的利用率
   [P] p241  发送方又如何知道网络发生了拥塞呢？我们知道，当网络发生拥塞时，路由器就要把来不及处理而排不上队的分组丢弃。因此只要发送方没有按时
   [P] p241  下面将讨论拥塞窗口cwnd的大小是怎样变化的。我们从“慢开始算法”讲起。
   [P] p241  慢开始算法的思路是这样的：当主机在已建立的TCP连接上开始发送数据时，并不清楚网络当前的负荷情况。如果立即把大量数据字节注入到网
   [P] p241  旧的规定是这样的：在刚刚开始发送报文段时，先把初始拥塞窗口cwnd设置为1至2个发送方的最大报文段SMSS（SenderMaxi
   [P] p241  若SMSS>2190字节，
   [P] p241  则设置初始拥塞窗口cwnd=2×SMSS字节，且不得超过2个报文段。
   [P] p241  若（SMSS>1095字节）且（SMSS≤2190字节），
   [P] p242  则设置初始拥塞窗口cwnd=3×SMSS字节，且不得超过3个报文段。
   [P] p242  若SMSS≤1095字节，
   [P] p242  则设置初始拥塞窗口cwnd=4×SMSS字节，且不得超过4个报文段。
   [P] p242  可见这个规定就是限制初始拥塞窗口的字节数。
   [P] p242  慢开始规定，在每收到一个对新的报文段的确认后，可以把拥塞窗口增加最多一个SMSS的数值。更具体些，就是
   [P] p242  拥塞窗口cwnd每次的增加量=min（N，SMSS)
   [P] p242  其中N是原先未被确认的、但现在被刚收到的确认报文段所确认的字节数。不难看出，当N<SMSS时，拥塞窗口每次的增加量要小于SMSS
   [P] p242  用这样的方法逐步增大发送方的拥塞窗口cwnd，可以使分组注入到网络的速率更加合理。下面用例子说明慢开始算法的原理。请注意，虽然实
   [P] p242  在一开始发送方先设置cwnd=1，发送第一个报文段，接收方收到后就发送确认。慢开始算法规定，发送方每收到一个对新报文段的确认（对
   [图] p242  ../figures/计算机网络（第8版）_谢希仁_下半/page_0002_fig1.png
   [P] p242  图5-24发送方每收到1个确认就把拥塞窗口加1
   [P] p242  由此可见，慢开始的“慢”并不是指cwnd的增长速率慢，而是指在TCP开始发送报文段时，只发送一个报文段，即设置cwnd=1，目的
   [P] p242  为了防止拥塞窗口cwnd增长过大引起网络拥塞，还需要设置一个慢开始门限ssthresh状态变量（可以把门限ssthresh的数值
   [P] p243  始门限ssthresh的用法如下：
   [P] p243  当cwnd<ssthresh时，使用上述的慢开始算法。
   [P] p243  当cwnd>ssthresh时，停止使用慢开始算法而改用拥塞避免算法。
   [P] p243  当cwnd=ssthresh时，既可使用慢开始算法，也可使用拥塞避免算法。
   [P] p243  拥塞避免算法的目的是让拥塞窗口cwnd缓慢地增大（具体算法见[RFC5681]）。执行算法后的结果大约是这样的：每经过一个往返时
   [P] p243  可以用曲线来说明TCP的拥塞窗口cwnd是怎样随时间变化的（如图5-25所示）。但这里请特别注意横坐标采用的单位是往返时延RTT
   [P] p243  拥塞窗口cwnd②超时（网络发生拥塞，执行慢开始算法）
   [P] p243  sthresh-16 43-ACK（执行快恢复算法）
   [P] p243  12141618202224
   [图] p243  ../figures/计算机网络（第8版）_谢希仁_下半/page_0003_fig1.png
   [P] p243  图5-25TCP拥塞窗口cwnd在拥塞控制时的变化情况
   [P] p243  当TCP连接已建立后，把拥塞窗口cwnd置为1。在本例中，慢开始门限的初始值设置为16个报文段，即ssthresh=16。在执行
   [P] p243  当拥塞窗口cwnd=24时，网络出现了超时（图中的点②），这就是网络发生拥塞的标志。于是调整门限值ssthresh=cwnd/2
   [P] p243  按照慢开始算法，发送方每收到一个对新报文段的确认ACK，就把拥塞窗口值加1。当拥塞窗口cwnd=ssthresh=12时（图中的
   [P] p243  当拥塞窗口cwnd=16时（图中的点④），出现了一个新的情况，就是发送方一连收到3个对同一个报文段的重复确认（图中记为3-ACK
   [P] p243  有时，个别报文段会在网络中意外丢失，但实际上网络并未发生拥塞。如果发送方迟迟收不到确认，就会产生超时，并误认为网络发生了拥塞。这
   [P] p244  采用快重传算法可以让发送方尽早知道发生了个别报文段的丢失。快重传算法首先要求接收方不要等待自己发送数据时才进行销带确认，而是要立
   [图] p244  ../figures/计算机网络（第8版）_谢希仁_下半/page_0004_fig1.png
   [P] p244  图5-26快重传的示意图
   [P] p244  因此，在图5-25中的点4，发送方知道现在只是丢失了个别的报文段。于是不启动慢开始，而是执行快恢复算法。这时，发送方第2次调整门
   [P] p244  在图5-25中还标注有“TCPReno版本”，表示区别于老的TCPTahao版本。
   [P] p244  请注意，也有的快恢复实现是把快恢复开始时的拥塞窗口cwnd值再增大一些（增大3个报文段的长度），即等于新的ssthresh+3×
   [P] p244  从图5-25可以看出，在拥塞避免阶段，拥塞窗口是按照线性规律增大的，这就是前面提到过的加法增大AI。而一旦出现超时或3个重复的确
   [P] p244  采用这样的拥塞控制方法使得TCP的性能有明显的改进[STEV94][RFC5681]。
   [P] p244  根据以上所述，TCP的拥塞控制可以归纳为图5-27的流程图。这个流程图就比图5-25所示的特例要更加全面些。例如，图5-25没有
   [图] p245  ../figures/计算机网络（第8版）_谢希仁_下半/page_0005_fig1.png
   [P] p245  图5-27TCP的拥塞控制的流程图
   [P] p245  在这一节的开始我们就假定了接收方总是有足够大的缓存空间，因而发送窗口的大小由网络的拥塞程度来决定。但实际上接收方的缓存空间总是有
   [P] p245  如果把本节所讨论的拥塞控制和接收方对发送方的流量控制一起考虑，那么很显然，发送方的窗口的上限值应当取为接收方窗口rwnd和拥塞窗
   [P] p245  发送方窗口的上限值=Min[rwnd,cwnd]
   [P] p245  式(5-9)指出：
   [P] p245  当rwnd<cwnd时，是接收方的接收能力限制发送方窗口的最大值。
   [P] p245  反之，当cwnd<rwnd时，则是网络的拥塞程度限制发送方窗口的最大值。
   [P] p245  也就是说，rwnd和cwnd中数值较小的一个，控制了发送方发送数据的速率。
   [H] p245  5.8.3主动队列管理AQM
   [P] p245  上一节讨论的TCP拥塞控制并没有和网络层采取的策略联系起来。其实，它们之间有着密切的关系。
   [P] p245  例如，假定一个路由器对某些分组的处理时间特别长，那么这就可能使这些分组中的数据部分（即TCP报文段）经过很长时间才能到达终点，结
   [P] p245  网络层的策略对TCP拥塞控制影响最大的就是路由器的分组丢弃策略。在最简单的情况下，路由器的队列通常都按照“先进先出”FIFO（F
   [P] p246  续排队，这些分组都将排在队列的尾部）将都被丢弃。这就叫作尾部丢弃策略（tail-droppolicy)。
   [P] p246  路由器的尾部丢弃往往会导致一连串分组的丢失，这就使发送方出现超时重传，使TCP进入拥塞控制的慢开始状态，结果使TCP连接的发送方
   [P] p246  为了避免发生网络中的全局同步现象，在1998年提出了主动队列管理AQM（ActiveQueueManagement)。所谓“主动
   [P] p246  实现RED时需要使路由器维持两个参数，即队列长度最小门限和最大门限。当每一个分组到达时，RED就按照规定的算法先计算当前的平均队
   [P] p246  （1）若平均队列长度小于最小门限，则把新到达的分组放入队列进行排队。
   [P] p246  （2）若平均队列长度超过最大门限，则把新到达的分组丢弃。
   [P] p246  (3）若平均队列长度在最小门限和最大门限之间，则按照某一丢弃概率p把新到达的分组丢弃（这就体现了丢弃分组的随机性）。
   [P] p246  由此可见，RED不是等到已经发生网络拥塞后才把所有在队列尾部的分组全部丢弃，而是在检测到网络拥塞的早期征兆时（即路由器的平均队列
   [P] p246  在RED的操作中，最难处理的就是丢弃概率p的选择，因为p并不是个常数。对每一个到达的分组，都必须计算丢弃概率P的数值。IETF曾